Archive member included to satisfy reference by file (symbol)

/home/sustech/Downloads/optee/optee_os/out/arm/export-ta_arm64/lib/libutils.a(stack_check.o)
                              ./cfi_ta.o (__stack_chk_fail)
/home/sustech/Downloads/optee/optee_os/out/arm/export-ta_arm64/lib/libutils.a(memcmp.o)
                              ./cfi_ta.o (memcmp)
/home/sustech/Downloads/optee/optee_os/out/arm/export-ta_arm64/lib/libutils.a(memcpy.o)
                              ./cfi_ta.o (memcpy)
/home/sustech/Downloads/optee/optee_os/out/arm/export-ta_arm64/lib/libutils.a(memset.o)
                              ./cfi_ta.o (memset)
/home/sustech/Downloads/optee/optee_os/out/arm/export-ta_arm64/lib/libutils.a(trace.o)
                              ./cfi_ta.o (trace_printf)
/home/sustech/Downloads/optee/optee_os/out/arm/export-ta_arm64/lib/libutils.a(snprintk.o)
                              /home/sustech/Downloads/optee/optee_os/out/arm/export-ta_arm64/lib/libutils.a(trace.o) (vsnprintk)
/home/sustech/Downloads/optee/optee_os/out/arm/export-ta_arm64/lib/libutils.a(memchr.o)
                              /home/sustech/Downloads/optee/optee_os/out/arm/export-ta_arm64/lib/libutils.a(snprintk.o) (memchr)
/home/sustech/Downloads/optee/optee_os/out/arm/export-ta_arm64/lib/libutils.a(strlen.o)
                              /home/sustech/Downloads/optee/optee_os/out/arm/export-ta_arm64/lib/libutils.a(snprintk.o) (strlen)
/home/sustech/Downloads/optee/optee_os/out/arm/export-ta_arm64/lib/libutee.a(trace_ext.o)
                              /home/sustech/Downloads/optee/optee_os/out/arm/export-ta_arm64/lib/libutils.a(trace.o) (trace_ext_puts)
/home/sustech/Downloads/optee/optee_os/out/arm/export-ta_arm64/lib/libutee.a(user_ta_entry.o)
                              ./user_ta_header.o (__utee_entry)
/home/sustech/Downloads/optee/optee_os/out/arm/export-ta_arm64/lib/libutee.a(user_ta_entry_compat.o)
                              ./user_ta_header.o (__ta_open_sess)
/home/sustech/Downloads/optee/optee_os/out/arm/export-ta_arm64/lib/libutee.a(utee_syscalls_a64.o)
                              /home/sustech/Downloads/optee/optee_os/out/arm/export-ta_arm64/lib/libutils.a(stack_check.o) (_utee_panic)
/home/sustech/Downloads/optee/optee_os/out/arm/export-ta_arm64/lib/libutee.a(abort.o)
                              /home/sustech/Downloads/optee/optee_os/out/arm/export-ta_arm64/lib/libutee.a(user_ta_entry.o) (abort)
/home/sustech/Downloads/optee/optee_os/out/arm/export-ta_arm64/lib/libutee.a(tee_api.o)
                              /home/sustech/Downloads/optee/optee_os/out/arm/export-ta_arm64/lib/libutee.a(user_ta_entry.o) (TEE_Malloc)
/home/sustech/Downloads/optee/optee_os/out/arm/export-ta_arm64/lib/libutee.a(tee_api_arith_mpi.o)
                              /home/sustech/Downloads/optee/optee_os/out/arm/export-ta_arm64/lib/libutee.a(user_ta_entry.o) (_TEE_MathAPI_Init)
/home/sustech/Downloads/optee/optee_os/out/arm/export-ta_arm64/lib/libutee.a(tee_api_panic.o)
                              /home/sustech/Downloads/optee/optee_os/out/arm/export-ta_arm64/lib/libutee.a(tee_api.o) (TEE_Panic)
/home/sustech/Downloads/optee/optee_os/out/arm/export-ta_arm64/lib/libutee.a(tee_api_property.o)
                              /home/sustech/Downloads/optee/optee_os/out/arm/export-ta_arm64/lib/libutee.a(user_ta_entry.o) (TEE_GetPropertyAsU32)
/home/sustech/Downloads/optee/optee_os/out/arm/export-ta_arm64/lib/libutee.a(tee_system_pta.o)
                              /home/sustech/Downloads/optee/optee_os/out/arm/export-ta_arm64/lib/libutee.a(tee_api.o) (tee_map_zi)
/home/sustech/Downloads/optee/optee_os/out/arm/export-ta_arm64/lib/libutee.a(tcb.o)
                              /home/sustech/Downloads/optee/optee_os/out/arm/export-ta_arm64/lib/libutee.a(user_ta_entry.o) (__utee_tcb_init)
/home/sustech/Downloads/optee/optee_os/out/arm/export-ta_arm64/lib/libutee.a(assert.o)
                              /home/sustech/Downloads/optee/optee_os/out/arm/export-ta_arm64/lib/libutee.a(tcb.o) (_assert_log)
/home/sustech/Downloads/optee/optee_os/out/arm/export-ta_arm64/lib/libmbedtls.a(bignum.o)
                              /home/sustech/Downloads/optee/optee_os/out/arm/export-ta_arm64/lib/libutee.a(tee_api_arith_mpi.o) (mbedtls_mpi_init_mempool)
/home/sustech/Downloads/optee/optee_os/out/arm/export-ta_arm64/lib/libmbedtls.a(bignum_core.o)
                              /home/sustech/Downloads/optee/optee_os/out/arm/export-ta_arm64/lib/libmbedtls.a(bignum.o) (mbedtls_mpi_core_bitlen)
/home/sustech/Downloads/optee/optee_os/out/arm/export-ta_arm64/lib/libmbedtls.a(constant_time.o)
                              /home/sustech/Downloads/optee/optee_os/out/arm/export-ta_arm64/lib/libmbedtls.a(bignum.o) (mbedtls_ct_zero)
/home/sustech/Downloads/optee/optee_os/out/arm/export-ta_arm64/lib/libmbedtls.a(platform_util.o)
                              /home/sustech/Downloads/optee/optee_os/out/arm/export-ta_arm64/lib/libmbedtls.a(bignum.o) (mbedtls_platform_zeroize)
[...]
Memory Configuration

Name             Origin             Length             Attributes
*default*        0x0000000000000000 0xffffffffffffffff

Linker script and memory map


.text           0x0000000000000000    0x14d20
                0x0000000000000000                __text_start = .
 *(SORT_BY_ALIGNMENT(.text) SORT_BY_ALIGNMENT(.text.*))
 .text          0x0000000000000000      0x10c /home/sustech/Downloads/optee/optee_os/out/arm/export-ta_arm64/lib/libutils.a(memcpy.o)
                0x0000000000000000                memcpy
 .text          0x000000000000010c     0x14f0 ./cfi_ta.o
                0x0000000000000288                TA_CreateEntryPoint
                0x0000000000000378                TA_DestroyEntryPoint
                0x00000000000003f0                __GP11_TA_OpenSessionEntryPoint
                0x00000000000003f8                TA_CloseSessionEntryPoint
                0x00000000000003fc                __GP11_TA_InvokeCommandEntryPoint
 .text          0x00000000000015fc       0xa0 ./user_ta_header.o
                0x00000000000015fc                __ta_entry
                0x000000000000167c                tahead_get_trace_level
                0x0000000000001684                TA_OpenSessionEntryPoint
                0x0000000000001690                TA_InvokeCommandEntryPoint
 .text          0x000000000000169c       0x30 /home/sustech/Downloads/optee/optee_os/out/arm/export-ta_arm64/lib/libutils.a(stack_check.o)
                0x000000000000169c                __stack_chk_fail
 .text          0x00000000000016cc       0x34 /home/sustech/Downloads/optee/optee_os/out/arm/export-ta_arm64/lib/libutils.a(memcmp.o)
                0x00000000000016cc                memcmp
 .text          0x0000000000001700       0x1c /home/sustech/Downloads/optee/optee_os/out/arm/export-ta_arm64/lib/libutils.a(memset.o)
                0x0000000000001700                memset
 .text          0x000000000000171c      0x328 /home/sustech/Downloads/optee/optee_os/out/arm/export-ta_arm64/lib/libutils.a(trace.o)
                0x000000000000171c                trace_set_level
                0x0000000000001738                trace_get_level
                0x0000000000001748                trace_vprintf
                0x0000000000001968                trace_printf
                0x0000000000001a40                dhex_dump
 .text          0x0000000000001a44      0xe38 /home/sustech/Downloads/optee/optee_os/out/arm/export-ta_arm64/lib/libutils.a(snprintk.o)
                0x0000000000001a44                __vsnprintf
                0x0000000000001b0c                vsnprintk
                0x0000000000001b64                snprintk
                0x0000000000002830                __vsprintf
 .text          0x000000000000287c       0x2c /home/sustech/Downloads/optee/optee_os/out/arm/export-ta_arm64/lib/libutils.a(memchr.o)
                0x000000000000287c                memchr
 .text          0x00000000000028a8       0x1c /home/sustech/Downloads/optee/optee_os/out/arm/export-ta_arm64/lib/libutils.a(strlen.o)
                0x00000000000028a8                strlen
 .text          0x00000000000028c4      0x1d4 /home/sustech/Downloads/optee/optee_os/out/arm/export-ta_arm64/lib/libutee.a(trace_ext.o)
                0x00000000000028c4                trace_ext_puts
                0x00000000000028ec                trace_ext_get_thread_id
                0x00000000000028f4                printf
                0x00000000000029e0                puts
                0x0000000000002a20                putchar
 .text          0x0000000000002a98      0x770 /home/sustech/Downloads/optee/optee_os/out/arm/export-ta_arm64/lib/libutee.a(user_ta_entry.o)
                0x0000000000002d6c                __utee_call_elf_init_fn
                0x0000000000002ec0                __utee_call_elf_fini_fn
                0x0000000000002f64                __utee_entry
 .text          0x0000000000003208      0x244 /home/sustech/Downloads/optee/optee_os/out/arm/export-ta_arm64/lib/libutee.a(user_ta_entry_compat.o)
                0x00000000000032d0                __ta_open_sess
                0x0000000000003384                __ta_invoke_cmd
 .text._utee_panic
                0x000000000000344c        0xc /home/sustech/Downloads/optee/optee_os/out/arm/export-ta_arm64/lib/libutee.a(utee_syscalls_a64.o)
                0x000000000000344c                _utee_panic
 .text._utee_return
                0x0000000000003458        0xc /home/sustech/Downloads/optee/optee_os/out/arm/export-ta_arm64/lib/libutee.a(utee_syscalls_a64.o)
                0x0000000000003458                _utee_return
 .text._utee_log
                0x0000000000003464        0xc /home/sustech/Downloads/optee/optee_os/out/arm/export-ta_arm64/lib/libutee.a(utee_syscalls_a64.o)
                0x0000000000003464                _utee_log
 .text.__utee_panic
                0x0000000000003470        0xc /home/sustech/Downloads/optee/optee_os/out/arm/export-ta_arm64/lib/libutee.a(utee_syscalls_a64.o)
                0x0000000000003470                __utee_panic
 .text._utee_get_property
                0x000000000000347c        0xc /home/sustech/Downloads/optee/optee_os/out/arm/export-ta_arm64/lib/libutee.a(utee_syscalls_a64.o)
                0x000000000000347c                _utee_get_property
 .text._utee_get_property_name_to_index
                0x0000000000003488        0xc /home/sustech/Downloads/optee/optee_os/out/arm/export-ta_arm64/lib/libutee.a(utee_syscalls_a64.o)
                0x0000000000003488                _utee_get_property_name_to_index
 .text._utee_open_ta_session
                0x0000000000003494        0xc /home/sustech/Downloads/optee/optee_os/out/arm/export-ta_arm64/lib/libutee.a(utee_syscalls_a64.o)
                0x0000000000003494                _utee_open_ta_session
 .text._utee_close_ta_session
                0x00000000000034a0        0xc /home/sustech/Downloads/optee/optee_os/out/arm/export-ta_arm64/lib/libutee.a(utee_syscalls_a64.o)
                0x00000000000034a0                _utee_close_ta_session
 .text._utee_invoke_ta_command
                0x00000000000034ac        0xc /home/sustech/Downloads/optee/optee_os/out/arm/export-ta_arm64/lib/libutee.a(utee_syscalls_a64.o)
                0x00000000000034ac                _utee_invoke_ta_command
 .text._utee_get_cancellation_flag
                0x00000000000034b8        0xc /home/sustech/Downloads/optee/optee_os/out/arm/export-ta_arm64/lib/libutee.a(utee_syscalls_a64.o)
                0x00000000000034b8                _utee_get_cancellation_flag
 .text._utee_check_access_rights
                0x00000000000034c4        0xc /home/sustech/Downloads/optee/optee_os/out/arm/export-ta_arm64/lib/libutee.a(utee_syscalls_a64.o)
                0x00000000000034c4                _utee_check_access_rights
 .text._utee_unmask_cancellation
                0x00000000000034d0        0xc /home/sustech/Downloads/optee/optee_os/out/arm/export-ta_arm64/lib/libutee.a(utee_syscalls_a64.o)
                0x00000000000034d0                _utee_unmask_cancellation
 .text._utee_mask_cancellation
                0x00000000000034dc        0xc /home/sustech/Downloads/optee/optee_os/out/arm/export-ta_arm64/lib/libutee.a(utee_syscalls_a64.o)
                0x00000000000034dc                _utee_mask_cancellation
 .text._utee_wait
                0x00000000000034e8        0xc /home/sustech/Downloads/optee/optee_os/out/arm/export-ta_arm64/lib/libutee.a(utee_syscalls_a64.o)
                0x00000000000034e8                _utee_wait
 .text._utee_get_time
                0x00000000000034f4        0xc /home/sustech/Downloads/optee/optee_os/out/arm/export-ta_arm64/lib/libutee.a(utee_syscalls_a64.o)
                0x00000000000034f4                _utee_get_time
 .text._utee_set_ta_time
                0x0000000000003500        0xc /home/sustech/Downloads/optee/optee_os/out/arm/export-ta_arm64/lib/libutee.a(utee_syscalls_a64.o)
                0x0000000000003500                _utee_set_ta_time
 .text._utee_cryp_state_alloc
                0x000000000000350c        0xc /home/sustech/Downloads/optee/optee_os/out/arm/export-ta_arm64/lib/libutee.a(utee_syscalls_a64.o)
                0x000000000000350c                _utee_cryp_state_alloc
 .text._utee_cryp_state_copy
                0x0000000000003518        0xc /home/sustech/Downloads/optee/optee_os/out/arm/export-ta_arm64/lib/libutee.a(utee_syscalls_a64.o)
                0x0000000000003518                _utee_cryp_state_copy
 .text._utee_cryp_state_free
                0x0000000000003524        0xc /home/sustech/Downloads/optee/optee_os/out/arm/export-ta_arm64/lib/libutee.a(utee_syscalls_a64.o)
                0x0000000000003524                _utee_cryp_state_free
 .text._utee_hash_init
                0x0000000000003530        0xc /home/sustech/Downloads/optee/optee_os/out/arm/export-ta_arm64/lib/libutee.a(utee_syscalls_a64.o)
                0x0000000000003530                _utee_hash_init
 .text._utee_hash_update
                0x000000000000353c        0xc /home/sustech/Downloads/optee/optee_os/out/arm/export-ta_arm64/lib/libutee.a(utee_syscalls_a64.o)
                0x000000000000353c                _utee_hash_update
 .text._utee_hash_final
                0x0000000000003548        0xc /home/sustech/Downloads/optee/optee_os/out/arm/export-ta_arm64/lib/libutee.a(utee_syscalls_a64.o)
                0x0000000000003548                _utee_hash_final
 .text._utee_cipher_init
                0x0000000000003554        0xc /home/sustech/Downloads/optee/optee_os/out/arm/export-ta_arm64/lib/libutee.a(utee_syscalls_a64.o)
                0x0000000000003554                _utee_cipher_init
 .text._utee_cipher_update
                0x0000000000003560        0xc /home/sustech/Downloads/optee/optee_os/out/arm/export-ta_arm64/lib/libutee.a(utee_syscalls_a64.o)
                0x0000000000003560                _utee_cipher_update
 .text._utee_cipher_final
                0x000000000000356c        0xc /home/sustech/Downloads/optee/optee_os/out/arm/export-ta_arm64/lib/libutee.a(utee_syscalls_a64.o)
                0x000000000000356c                _utee_cipher_final
 .text._utee_cryp_obj_get_info
                0x0000000000003578        0xc /home/sustech/Downloads/optee/optee_os/out/arm/export-ta_arm64/lib/libutee.a(utee_syscalls_a64.o)
                0x0000000000003578                _utee_cryp_obj_get_info
 .text._utee_cryp_obj_restrict_usage
                0x0000000000003584        0xc /home/sustech/Downloads/optee/optee_os/out/arm/export-ta_arm64/lib/libutee.a(utee_syscalls_a64.o)
                0x0000000000003584                _utee_cryp_obj_restrict_usage
 .text._utee_cryp_obj_get_attr
                0x0000000000003590        0xc /home/sustech/Downloads/optee/optee_os/out/arm/export-ta_arm64/lib/libutee.a(utee_syscalls_a64.o)
                0x0000000000003590                _utee_cryp_obj_get_attr
 .text._utee_cryp_obj_alloc
                0x000000000000359c        0xc /home/sustech/Downloads/optee/optee_os/out/arm/export-ta_arm64/lib/libutee.a(utee_syscalls_a64.o)
                0x000000000000359c                _utee_cryp_obj_alloc
 .text._utee_cryp_obj_close
                0x00000000000035a8        0xc /home/sustech/Downloads/optee/optee_os/out/arm/export-ta_arm64/lib/libutee.a(utee_syscalls_a64.o)
                0x00000000000035a8                _utee_cryp_obj_close
 .text._utee_cryp_obj_reset
                0x00000000000035b4        0xc /home/sustech/Downloads/optee/optee_os/out/arm/export-ta_arm64/lib/libutee.a(utee_syscalls_a64.o)
                0x00000000000035b4                _utee_cryp_obj_reset
 .text._utee_cryp_obj_populate
                0x00000000000035c0        0xc /home/sustech/Downloads/optee/optee_os/out/arm/export-ta_arm64/lib/libutee.a(utee_syscalls_a64.o)
                0x00000000000035c0                _utee_cryp_obj_populate
 .text._utee_cryp_obj_copy
                0x00000000000035cc        0xc /home/sustech/Downloads/optee/optee_os/out/arm/export-ta_arm64/lib/libutee.a(utee_syscalls_a64.o)
                0x00000000000035cc                _utee_cryp_obj_copy
 .text._utee_cryp_derive_key
                0x00000000000035d8        0xc /home/sustech/Downloads/optee/optee_os/out/arm/export-ta_arm64/lib/libutee.a(utee_syscalls_a64.o)
                0x00000000000035d8                _utee_cryp_derive_key
 .text._utee_cryp_random_number_generate
                0x00000000000035e4        0xc /home/sustech/Downloads/optee/optee_os/out/arm/export-ta_arm64/lib/libutee.a(utee_syscalls_a64.o)
                0x00000000000035e4                _utee_cryp_random_number_generate
 .text._utee_authenc_init
                0x00000000000035f0        0xc /home/sustech/Downloads/optee/optee_os/out/arm/export-ta_arm64/lib/libutee.a(utee_syscalls_a64.o)
                0x00000000000035f0                _utee_authenc_init
 .text._utee_authenc_update_aad
                0x00000000000035fc        0xc /home/sustech/Downloads/optee/optee_os/out/arm/export-ta_arm64/lib/libutee.a(utee_syscalls_a64.o)
                0x00000000000035fc                _utee_authenc_update_aad
 .text._utee_authenc_update_payload
                0x0000000000003608        0xc /home/sustech/Downloads/optee/optee_os/out/arm/export-ta_arm64/lib/libutee.a(utee_syscalls_a64.o)
                0x0000000000003608                _utee_authenc_update_payload
 .text._utee_authenc_enc_final
                0x0000000000003614        0xc /home/sustech/Downloads/optee/optee_os/out/arm/export-ta_arm64/lib/libutee.a(utee_syscalls_a64.o)
                0x0000000000003614                _utee_authenc_enc_final
 .text._utee_authenc_dec_final
                0x0000000000003620        0xc /home/sustech/Downloads/optee/optee_os/out/arm/export-ta_arm64/lib/libutee.a(utee_syscalls_a64.o)
                0x0000000000003620                _utee_authenc_dec_final
 .text._utee_asymm_operate
                0x000000000000362c        0xc /home/sustech/Downloads/optee/optee_os/out/arm/export-ta_arm64/lib/libutee.a(utee_syscalls_a64.o)
                0x000000000000362c                _utee_asymm_operate
 .text._utee_asymm_verify
                0x0000000000003638        0xc /home/sustech/Downloads/optee/optee_os/out/arm/export-ta_arm64/lib/libutee.a(utee_syscalls_a64.o)
                0x0000000000003638                _utee_asymm_verify
 .text._utee_storage_obj_open
                0x0000000000003644        0xc /home/sustech/Downloads/optee/optee_os/out/arm/export-ta_arm64/lib/libutee.a(utee_syscalls_a64.o)
                0x0000000000003644                _utee_storage_obj_open
 .text._utee_storage_obj_create
                0x0000000000003650        0xc /home/sustech/Downloads/optee/optee_os/out/arm/export-ta_arm64/lib/libutee.a(utee_syscalls_a64.o)
                0x0000000000003650                _utee_storage_obj_create
 .text._utee_storage_obj_del
                0x000000000000365c        0xc /home/sustech/Downloads/optee/optee_os/out/arm/export-ta_arm64/lib/libutee.a(utee_syscalls_a64.o)
                0x000000000000365c                _utee_storage_obj_del
 .text._utee_storage_obj_rename
                0x0000000000003668        0xc /home/sustech/Downloads/optee/optee_os/out/arm/export-ta_arm64/lib/libutee.a(utee_syscalls_a64.o)
                0x0000000000003668                _utee_storage_obj_rename
 .text._utee_storage_alloc_enum
                0x0000000000003674        0xc /home/sustech/Downloads/optee/optee_os/out/arm/export-ta_arm64/lib/libutee.a(utee_syscalls_a64.o)
                0x0000000000003674                _utee_storage_alloc_enum
 .text._utee_storage_free_enum
                0x0000000000003680        0xc /home/sustech/Downloads/optee/optee_os/out/arm/export-ta_arm64/lib/libutee.a(utee_syscalls_a64.o)
                0x0000000000003680                _utee_storage_free_enum
 .text._utee_storage_reset_enum
                0x000000000000368c        0xc /home/sustech/Downloads/optee/optee_os/out/arm/export-ta_arm64/lib/libutee.a(utee_syscalls_a64.o)
                0x000000000000368c                _utee_storage_reset_enum
 .text._utee_storage_start_enum
                0x0000000000003698        0xc /home/sustech/Downloads/optee/optee_os/out/arm/export-ta_arm64/lib/libutee.a(utee_syscalls_a64.o)
                0x0000000000003698                _utee_storage_start_enum
 .text._utee_storage_next_enum
                0x00000000000036a4        0xc /home/sustech/Downloads/optee/optee_os/out/arm/export-ta_arm64/lib/libutee.a(utee_syscalls_a64.o)
                0x00000000000036a4                _utee_storage_next_enum
 .text._utee_storage_obj_read
                0x00000000000036b0        0xc /home/sustech/Downloads/optee/optee_os/out/arm/export-ta_arm64/lib/libutee.a(utee_syscalls_a64.o)
                0x00000000000036b0                _utee_storage_obj_read
 .text._utee_storage_obj_write
                0x00000000000036bc        0xc /home/sustech/Downloads/optee/optee_os/out/arm/export-ta_arm64/lib/libutee.a(utee_syscalls_a64.o)
                0x00000000000036bc                _utee_storage_obj_write
 .text._utee_storage_obj_trunc
                0x00000000000036c8        0xc /home/sustech/Downloads/optee/optee_os/out/arm/export-ta_arm64/lib/libutee.a(utee_syscalls_a64.o)
                0x00000000000036c8                _utee_storage_obj_trunc
 .text._utee_storage_obj_seek
                0x00000000000036d4        0xc /home/sustech/Downloads/optee/optee_os/out/arm/export-ta_arm64/lib/libutee.a(utee_syscalls_a64.o)
                0x00000000000036d4                _utee_storage_obj_seek
 .text._utee_cryp_obj_generate_key
                0x00000000000036e0        0xc /home/sustech/Downloads/optee/optee_os/out/arm/export-ta_arm64/lib/libutee.a(utee_syscalls_a64.o)
                0x00000000000036e0                _utee_cryp_obj_generate_key
 .text._utee_cache_operation
                0x00000000000036ec        0xc /home/sustech/Downloads/optee/optee_os/out/arm/export-ta_arm64/lib/libutee.a(utee_syscalls_a64.o)
                0x00000000000036ec                _utee_cache_operation
 .text.unlikely
                0x00000000000036f8       0x20 /home/sustech/Downloads/optee/optee_os/out/arm/export-ta_arm64/lib/libutee.a(abort.o)
                0x00000000000036f8                abort
 .text          0x0000000000003718     0x10d0 /home/sustech/Downloads/optee/optee_os/out/arm/export-ta_arm64/lib/libutee.a(tee_api.o)
                0x0000000000003aac                TEE_CloseTASession
                0x0000000000003ad4                TEE_GetCancellationFlag
                0x0000000000003b3c                TEE_UnmaskCancellation
                0x0000000000003ba4                TEE_MaskCancellation
                0x0000000000003c0c                TEE_CheckMemoryAccessRights
                0x0000000000003e38                TEE_OpenTASession
                0x0000000000003f98                __GP11_TEE_OpenTASession
                0x00000000000040e8                TEE_InvokeTACommand
                0x0000000000004278                __GP11_TEE_InvokeTACommand
                0x00000000000043f8                __GP11_TEE_CheckMemoryAccessRights
                0x0000000000004400                TEE_SetInstanceData
                0x000000000000440c                TEE_GetInstanceData
                0x0000000000004418                TEE_MemMove
                0x000000000000441c                __GP11_TEE_MemMove
                0x0000000000004424                TEE_MemCompare
                0x0000000000004428                __GP11_TEE_MemCompare
                0x0000000000004430                TEE_MemFill
                0x0000000000004434                __GP11_TEE_MemFill
                0x000000000000443c                TEE_GetSystemTime
                0x0000000000004464                TEE_Wait
                0x00000000000044a0                TEE_GetTAPersistentTime
                0x0000000000004518                TEE_SetTAPersistentTime
                0x000000000000455c                TEE_GetREETime
                0x0000000000004584                TEE_Malloc
                0x0000000000004694                __GP11_TEE_Malloc
                0x000000000000469c                TEE_Free
                0x00000000000046f8                TEE_Realloc
                0x00000000000047c8                __GP11_TEE_Realloc
                0x00000000000047d0                TEE_CacheClean
                0x00000000000047d8                TEE_CacheFlush
                0x00000000000047e0                TEE_CacheInvalidate
 .text          0x00000000000047e8     0x2220 /home/sustech/Downloads/optee/optee_os/out/arm/export-ta_arm64/lib/libutee.a(tee_api_arith_mpi.o)
                0x000000000000504c                _TEE_MathAPI_Init
                0x000000000000509c                TEE_BigIntInit
                0x00000000000050fc                __GP11_TEE_BigIntInit
                0x0000000000005104                TEE_BigIntConvertFromOctetString
                0x00000000000051d4                __GP11_TEE_BigIntConvertFromOctetString
                0x00000000000051dc                TEE_BigIntConvertToOctetString
                0x00000000000052ac                __GP11_TEE_BigIntConvertToOctetString
                0x0000000000005318                TEE_BigIntConvertFromS32
                0x00000000000053d4                TEE_BigIntConvertToS32
                0x0000000000005498                TEE_BigIntCmp
                0x0000000000005538                TEE_BigIntCmpS32
                0x00000000000057a4                TEE_BigIntShiftRight
                0x000000000000594c                __GP11_TEE_BigIntShiftRight
                0x0000000000005954                TEE_BigIntGetBit
                0x00000000000059e0                TEE_BigIntGetBitCount
                0x0000000000005a60                TEE_BigIntSetBit
                0x0000000000005b14                TEE_BigIntAssign
                0x0000000000005b64                TEE_BigIntAbs
                0x0000000000005b90                TEE_BigIntAdd
                0x0000000000005b9c                TEE_BigIntSub
                0x0000000000005ba8                TEE_BigIntNeg
                0x0000000000005c94                TEE_BigIntMul
                0x0000000000005db4                TEE_BigIntSquare
                0x0000000000005dbc                TEE_BigIntDiv
                0x0000000000005f78                TEE_BigIntMod
                0x0000000000005fe4                TEE_BigIntAddMod
                0x0000000000005ff0                TEE_BigIntSubMod
                0x0000000000005ffc                TEE_BigIntMulMod
                0x0000000000006008                TEE_BigIntSquareMod
                0x0000000000006014                TEE_BigIntInvMod
                0x000000000000616c                TEE_BigIntRelativePrime
                0x000000000000627c                TEE_BigIntExpMod
                0x0000000000006454                TEE_BigIntComputeExtendedGcd
                0x00000000000066cc                TEE_BigIntIsProbablePrime
                0x000000000000676c                TEE_BigIntInitFMM
                0x0000000000006770                __GP11_TEE_BigIntInitFMM
                0x0000000000006778                TEE_BigIntInitFMMContext
                0x000000000000677c                __GP11_TEE_BigIntInitFMMContext
                0x0000000000006784                TEE_BigIntInitFMMContext1
                0x000000000000678c                TEE_BigIntFMMSizeInU32
                0x000000000000679c                __GP11_TEE_BigIntFMMSizeInU32
                0x00000000000067b4                TEE_BigIntFMMContextSizeInU32
                0x00000000000067bc                __GP11_TEE_BigIntFMMContextSizeInU32
                0x00000000000067d4                TEE_BigIntConvertToFMM
                0x00000000000067d8                TEE_BigIntConvertFromFMM
                0x00000000000068b4                TEE_BigIntComputeFMM
 .text          0x0000000000006a08      0x1b8 /home/sustech/Downloads/optee/optee_os/out/arm/export-ta_arm64/lib/libutee.a(tee_api_panic.o)
                0x0000000000006a24                TEE_Panic
                0x0000000000006a34                __utee_check_outbuf_annotation
                0x0000000000006a90                __utee_check_gp11_outbuf_annotation
                0x0000000000006aec                __utee_check_instring_annotation
                0x0000000000006b2c                __utee_check_outstring_annotation
                0x0000000000006b30                __utee_check_gp11_outstring_annotation
                0x0000000000006b34                __utee_check_out_annotation
                0x0000000000006b60                __utee_check_attr_in_annotation
                0x0000000000006b90                __utee_check_gp11_attr_in_annotation
                0x0000000000006b94                __utee_check_inout_annotation
 .text          0x0000000000006bc0     0x1000 /home/sustech/Downloads/optee/optee_os/out/arm/export-ta_arm64/lib/libutee.a(tee_api_property.o)
                0x0000000000006f94                TEE_GetPropertyAsString
                0x0000000000007208                __GP11_TEE_GetPropertyAsString
                0x00000000000072ac                TEE_GetPropertyAsBool
                0x0000000000007388                TEE_GetPropertyAsU32
                0x0000000000007474                TEE_GetPropertyAsU64
                0x0000000000007560                __GP11_TEE_GetPropertyAsBinaryBlock
                0x0000000000007650                TEE_GetPropertyAsBinaryBlock
                0x00000000000076f4                TEE_GetPropertyAsUUID
                0x00000000000077e0                TEE_GetPropertyAsIdentity
                0x00000000000078cc                TEE_ResetPropertyEnumerator
                0x00000000000078d8                TEE_AllocatePropertyEnumerator
                0x0000000000007920                TEE_FreePropertyEnumerator
                0x0000000000007924                TEE_StartPropertyEnumerator
                0x0000000000007934                __GP11_TEE_GetPropertyName
                0x0000000000007a58                TEE_GetPropertyName
                0x0000000000007aec                TEE_GetNextProperty
 .text          0x0000000000007bc0      0x33c /home/sustech/Downloads/optee/optee_os/out/arm/export-ta_arm64/lib/libutee.a(tee_system_pta.o)
                0x0000000000007c44                tee_map_zi_va
                0x0000000000007d0c                tee_map_zi
                0x0000000000007d1c                tee_unmap
                0x0000000000007de4                tee_invoke_supp_plugin
 .text          0x0000000000007efc      0x374 /home/sustech/Downloads/optee/optee_os/out/arm/export-ta_arm64/lib/libutee.a(tcb.o)
                0x0000000000007efc                __utee_tcb_init
                0x0000000000008160                __tls_get_addr
                0x000000000000817c                dl_iterate_phdr
 .text          0x0000000000008270       0x58 /home/sustech/Downloads/optee/optee_os/out/arm/export-ta_arm64/lib/libutee.a(assert.o)
                0x0000000000008270                _assert_log
                0x00000000000082b4                _assert_break
 .text          0x00000000000082c8     0x36a4 /home/sustech/Downloads/optee/optee_os/out/arm/export-ta_arm64/lib/libmbedtls.a(bignum.o)
                0x0000000000008320                mbedtls_mpi_lt_mpi_ct
                0x0000000000008404                mbedtls_mpi_init
                0x0000000000008418                mbedtls_mpi_init_mempool
                0x0000000000008440                mbedtls_mpi_free
                0x00000000000084a8                mbedtls_mpi_grow
                0x0000000000008598                mbedtls_mpi_safe_cond_assign
                0x0000000000008638                mbedtls_mpi_safe_cond_swap
                0x0000000000008754                mbedtls_mpi_shrink
                0x0000000000008880                mbedtls_mpi_copy
                0x000000000000895c                mbedtls_mpi_swap
                0x00000000000089f0                mbedtls_mpi_lset
                0x0000000000008a5c                mbedtls_mpi_get_bit
                0x0000000000008a88                mbedtls_mpi_set_bit
                0x0000000000008b14                mbedtls_mpi_lsb
                0x0000000000008b58                mbedtls_mpi_bitlen
                0x0000000000008b64                mbedtls_mpi_size
                0x0000000000008b80                mbedtls_mpi_read_binary_le
                0x0000000000008be0                mbedtls_mpi_read_binary
                0x0000000000008c40                mbedtls_mpi_write_binary_le
                0x0000000000008c54                mbedtls_mpi_write_binary
                0x0000000000008c68                mbedtls_mpi_shift_l
                0x0000000000008ccc                mbedtls_mpi_shift_r
                0x0000000000008cfc                mbedtls_mpi_cmp_abs
                0x0000000000008d9c                mbedtls_mpi_cmp_mpi
                0x0000000000008e78                mbedtls_mpi_cmp_int
                0x0000000000008ef8                mbedtls_mpi_add_abs
                0x0000000000008ff0                mbedtls_mpi_sub_abs
                0x00000000000091b8                mbedtls_mpi_add_mpi
                0x00000000000091c0                mbedtls_mpi_sub_mpi
                0x00000000000091c8                mbedtls_mpi_add_int
                0x0000000000009248                mbedtls_mpi_sub_int
                0x00000000000092c8                mbedtls_mpi_mul_mpi
                0x000000000000945c                mbedtls_mpi_mul_int
                0x0000000000009518                mbedtls_mpi_read_string
                0x000000000000977c                mbedtls_mpi_div_mpi
                0x0000000000009c78                mbedtls_mpi_div_int
                0x0000000000009cf8                mbedtls_mpi_mod_mpi
                0x000000000000a0bc                mbedtls_mpi_mod_int
                0x000000000000a154                mbedtls_mpi_write_string
                0x000000000000a4ac                mbedtls_mpi_montg_init
                0x000000000000a4d4                mbedtls_mpi_montmul
                0x000000000000a4fc                mbedtls_mpi_montred
                0x000000000000a578                mbedtls_mpi_exp_mod
                0x000000000000a588                mbedtls_mpi_exp_mod_unsafe
                0x000000000000a59c                mbedtls_mpi_gcd_modinv_odd
                0x000000000000a7d0                mbedtls_mpi_gcd
                0x000000000000a9bc                mbedtls_mpi_fill_random
                0x000000000000acd8                mbedtls_mpi_random
                0x000000000000ad70                mbedtls_mpi_inv_mod_odd
                0x000000000000ae68                mbedtls_mpi_inv_mod_even_in_range
                0x000000000000afb0                mbedtls_mpi_inv_mod
                0x000000000000b120                mbedtls_mpi_is_prime_ext
                0x000000000000b210                mbedtls_mpi_gen_prime
                0x000000000000b55c                mbedtls_mpi_self_test
 .text          0x000000000000b96c     0x13f8 /home/sustech/Downloads/optee/optee_os/out/arm/export-ta_arm64/lib/libmbedtls.a(bignum_core.o)
                0x000000000000b9e0                mbedtls_mpi_core_clz
                0x000000000000b9ec                mbedtls_mpi_core_bitlen
                0x000000000000ba40                mbedtls_mpi_core_bigendian_to_host
                0x000000000000ba74                mbedtls_mpi_core_uint_le_mpi
                0x000000000000bacc                mbedtls_mpi_core_lt_ct
                0x000000000000bb4c                mbedtls_mpi_core_cond_assign
                0x000000000000bb98                mbedtls_mpi_core_cond_swap
                0x000000000000bc00                mbedtls_mpi_core_read_le
                0x000000000000bc8c                mbedtls_mpi_core_read_be
                0x000000000000bd1c                mbedtls_mpi_core_write_le
                0x000000000000bdc8                mbedtls_mpi_core_write_be
                0x000000000000be80                mbedtls_mpi_core_shift_r
                0x000000000000bf20                mbedtls_mpi_core_shift_l
                0x000000000000bfb4                mbedtls_mpi_core_add
                0x000000000000bff0                mbedtls_mpi_core_add_if
                0x000000000000c04c                mbedtls_mpi_core_sub
                0x000000000000c090                mbedtls_mpi_core_mla
                0x000000000000c254                mbedtls_mpi_core_mul
                0x000000000000c2d8                mbedtls_mpi_core_montmul_init
                0x000000000000c30c                mbedtls_mpi_core_montmul
                0x000000000000c6e0                mbedtls_mpi_core_get_mont_r2_unsafe
                0x000000000000c748                mbedtls_mpi_core_fill_random
                0x000000000000c7f8                mbedtls_mpi_core_random
                0x000000000000c8fc                mbedtls_mpi_core_exp_mod_working_limbs
                0x000000000000c924                mbedtls_mpi_core_exp_mod
                0x000000000000c94c                mbedtls_mpi_core_exp_mod_unsafe
                0x000000000000c978                mbedtls_mpi_core_sub_int
                0x000000000000c9a8                mbedtls_mpi_core_check_zero_ct
                0x000000000000c9cc                mbedtls_mpi_core_to_mont_rep
                0x000000000000c9e8                mbedtls_mpi_core_from_mont_rep
                0x000000000000ca5c                mbedtls_mpi_core_gcd_modinv_odd
 .text          0x000000000000cd64      0x468 /home/sustech/Downloads/optee/optee_os/out/arm/export-ta_arm64/lib/libmbedtls.a(constant_time.o)
                0x000000000000cdd8                mbedtls_ct_memcmp
                0x000000000000ce0c                mbedtls_ct_memcmp_partial
                0x000000000000ce94                mbedtls_ct_memmove_left
                0x000000000000cf34                mbedtls_ct_memcpy_if
                0x000000000000d058                mbedtls_ct_memcpy_offset
                0x000000000000d0e8                mbedtls_ct_zeroize_if
 .text          0x000000000000d1cc       0x60 /home/sustech/Downloads/optee/optee_os/out/arm/export-ta_arm64/lib/libmbedtls.a(platform_util.o)
                0x000000000000d1cc                mbedtls_platform_zeroize
                0x000000000000d204                mbedtls_zeroize_and_free
 .text          0x000000000000d22c     0x1460 /home/sustech/Downloads/optee/optee_os/out/arm/export-ta_arm64/lib/libutils.a(bget_malloc.o)
                0x000000000000d33c                bget
                0x000000000000d650                bgetz
                0x000000000000d6d8                brel
                0x000000000000d9e4                bgetr
                0x000000000000dab0                bpool
                0x000000000000db9c                bstats
                0x000000000000dcc0                bget_main_test
                0x000000000000df90                malloc_reset_stats
                0x000000000000dfa8                raw_malloc_flags
                0x000000000000e124                raw_memalign
                0x000000000000e148                raw_malloc
                0x000000000000e16c                raw_free
                0x000000000000e1b0                raw_calloc
                0x000000000000e1d4                raw_realloc
                0x000000000000e1f8                free_flags
                0x000000000000e214                malloc
                0x000000000000e240                malloc_flags
                0x000000000000e264                calloc
                0x000000000000e290                realloc
                0x000000000000e2bc                memalign
                0x000000000000e2e8                aligned_alloc
                0x000000000000e324                free
                0x000000000000e330                free_wipe
                0x000000000000e33c                raw_malloc_get_ctx_size
                0x000000000000e344                raw_malloc_init_ctx
                0x000000000000e370                raw_malloc_add_pool
                0x000000000000e460                raw_malloc_buffer_overlaps_heap
                0x000000000000e4d0                raw_malloc_buffer_is_within_alloced
                0x000000000000e5ec                raw_malloc_get_stats
                0x000000000000e630                malloc_get_stats
                0x000000000000e644                malloc_add_pool
                0x000000000000e65c                malloc_buffer_is_within_alloced
                0x000000000000e674                malloc_buffer_overlaps_heap
 .text          0x000000000000e68c      0x120 /home/sustech/Downloads/optee/optee_os/out/arm/export-ta_arm64/lib/libutils.a(snprintf.o)
                0x000000000000e68c                snprintf
                0x000000000000e754                vsnprintf
 .text          0x000000000000e7ac       0x58 /home/sustech/Downloads/optee/optee_os/out/arm/export-ta_arm64/lib/libutils.a(memmove.o)
                0x000000000000e7ac                memmove
 .text          0x000000000000e804       0x24 /home/sustech/Downloads/optee/optee_os/out/arm/export-ta_arm64/lib/libutils.a(strcmp.o)
                0x000000000000e804                strcmp
 .text          0x000000000000e828       0x38 /home/sustech/Downloads/optee/optee_os/out/arm/export-ta_arm64/lib/libutils.a(strlcpy.o)
                0x000000000000e828                strlcpy
 .text          0x000000000000e860      0x198 /home/sustech/Downloads/optee/optee_os/out/arm/export-ta_arm64/lib/libutils.a(mempool.o)
                0x000000000000e860                mempool_alloc_pool
                0x000000000000e928                mempool_alloc
                0x000000000000e98c                mempool_calloc
                0x000000000000e9dc                mempool_free
 .text          0x000000000000e9f8       0x70 /home/sustech/Downloads/optee/optee_os/out/arm/export-ta_arm64/lib/libutils.a(consttime_memcmp.o)
                0x000000000000e9f8                consttime_memcmp
 .text          0x000000000000ea68      0x250 /home/sustech/Downloads/optee/optee_os/out/arm/export-ta_arm64/lib/libutils.a(base64.o)
                0x000000000000ea68                base64_enc_len
                0x000000000000ea80                base64_enc
                0x000000000000eb94                base64_dec
 .text          0x000000000000ecb8     0x45cc /home/sustech/Downloads/optee/optee_os/out/arm/export-ta_arm64/lib/libutee.a(tee_api_operations.o)
                0x000000000000f424                TEE_FreeOperation
                0x000000000000f464                TEE_AllocateOperation
                0x000000000000ffbc                __GP11_TEE_FreeOperation
                0x000000000000ffe8                TEE_GetOperationInfo
                0x000000000001003c                TEE_GetOperationInfoMultiple
                0x00000000000101f0                __GP11_TEE_GetOperationInfoMultiple
                0x0000000000010284                TEE_ResetOperation
                0x00000000000102c0                TEE_SetOperationKey
                0x00000000000102fc                __GP11_TEE_SetOperationKey
                0x0000000000010338                __GP11_TEE_SetOperationKey2
                0x0000000000010560                TEE_SetOperationKey2
                0x0000000000010580                TEE_CopyOperation
                0x00000000000106dc                TEE_DigestUpdate
                0x000000000001074c                __GP11_TEE_DigestUpdate
                0x0000000000010754                TEE_DigestDoFinal
                0x00000000000108c8                __GP11_TEE_DigestDoFinal
                0x0000000000010974                TEE_DigestExtract
                0x0000000000010b24                TEE_CipherInit
                0x0000000000010c00                __GP11_TEE_CipherInit
                0x0000000000010c08                TEE_CipherUpdate
                0x0000000000010df8                __GP11_TEE_CipherUpdate
                0x0000000000010ea4                TEE_CipherDoFinal
                0x00000000000110bc                __GP11_TEE_CipherDoFinal
                0x0000000000011174                TEE_MACInit
                0x0000000000011218                __GP11_TEE_MACInit
                0x0000000000011220                TEE_MACUpdate
                0x00000000000112c0                __GP11_TEE_MACUpdate
                0x00000000000112c8                TEE_MACComputeFinal
                0x00000000000113e0                __GP11_TEE_MACComputeFinal
                0x000000000001148c                TEE_MACCompareFinal
                0x00000000000115b4                __GP11_TEE_MACCompareFinal
                0x00000000000115c0                TEE_AEInit
                0x0000000000011684                __GP11_TEE_AEInit
                0x0000000000011694                TEE_AEUpdateAAD
                0x0000000000011730                __GP11_TEE_AEUpdateAAD
                0x00000000000117c4                TEE_AEUpdate
                0x0000000000011890                __GP11_TEE_AEUpdate
                0x0000000000011998                TEE_AEEncryptFinal
                0x0000000000011b9c                __GP11_TEE_AEEncryptFinal
                0x0000000000011c7c                TEE_AEDecryptFinal
                0x0000000000011e4c                __GP11_TEE_AEDecryptFinal
                0x0000000000011f10                TEE_AsymmetricEncrypt
                0x00000000000120a0                __GP11_TEE_AsymmetricEncrypt
                0x0000000000012218                TEE_AsymmetricDecrypt
                0x00000000000123ac                __GP11_TEE_AsymmetricDecrypt
                0x0000000000012528                TEE_AsymmetricSignDigest
                0x0000000000012698                __GP11_TEE_AsymmetricSignDigest
                0x0000000000012808                TEE_AsymmetricVerifyDigest
                0x0000000000012964                __GP11_TEE_AsymmetricVerifyDigest
                0x0000000000012ac0                TEE_DeriveKey
                0x0000000000012c3c                __GP11_TEE_DeriveKey
                0x0000000000012db8                TEE_GenerateRandom
                0x0000000000012dd8                __GP11_TEE_GenerateRandom
                0x0000000000012de0                rand
                0x0000000000012e44                TEE_IsAlgorithmSupported
 .text          0x0000000000013284     0x1a9c /home/sustech/Downloads/optee/optee_os/out/arm/export-ta_arm64/lib/libutee.a(tee_api_objects.o)
                0x0000000000013284                __utee_from_attr
                0x00000000000132d4                __utee_from_gp11_attr
                0x0000000000013324                TEE_GetObjectInfo
                0x00000000000133d8                __GP11_TEE_GetObjectInfo
                0x0000000000013494                TEE_GetObjectInfo1
                0x000000000001353c                __GP11_TEE_GetObjectInfo1
                0x00000000000135ec                TEE_RestrictObjectUsage1
                0x0000000000013630                TEE_RestrictObjectUsage
                0x00000000000136c8                TEE_GetObjectBufferAttribute
                0x00000000000137d8                __GP11_TEE_GetObjectBufferAttribute
                0x000000000001387c                TEE_GetObjectValueAttribute
                0x00000000000139bc                TEE_CloseObject
                0x00000000000139e4                __GP11_TEE_AllocateTransientObject
                0x0000000000013aa0                TEE_AllocateTransientObject
                0x0000000000013abc                TEE_FreeTransientObject
                0x0000000000013b54                TEE_ResetTransientObject
                0x0000000000013bec                TEE_PopulateTransientObject
                0x0000000000013d00                __GP11_TEE_PopulateTransientObject
                0x0000000000013e14                TEE_InitRefAttribute
                0x0000000000013e60                __GP11_TEE_InitRefAttribute
                0x0000000000013eb0                TEE_InitValueAttribute
                0x0000000000013efc                __GP11_TEE_InitValueAttribute
                0x0000000000013f48                TEE_CopyObjectAttributes1
                0x0000000000014048                TEE_CopyObjectAttributes
                0x00000000000140e4                TEE_GenerateKey
                0x00000000000141b8                __GP11_TEE_GenerateKey
                0x000000000001428c                TEE_OpenPersistentObject
                0x0000000000014388                __GP11_TEE_OpenPersistentObject
                0x0000000000014390                TEE_CreatePersistentObject
                0x00000000000144dc                __GP11_TEE_CreatePersistentObject
                0x0000000000014558                TEE_CloseAndDeletePersistentObject1
                0x00000000000145a0                TEE_CloseAndDeletePersistentObject
                0x00000000000145cc                TEE_RenamePersistentObject
                0x0000000000014628                __GP11_TEE_RenamePersistentObject
                0x0000000000014630                TEE_AllocatePersistentObjectEnumerator
                0x00000000000146c8                TEE_FreePersistentObjectEnumerator
                0x00000000000146f0                TEE_ResetPersistentObjectEnumerator
                0x0000000000014718                TEE_StartPersistentObjectEnumerator
                0x0000000000014768                TEE_GetNextPersistentObject
                0x0000000000014880                __GP11_TEE_GetNextPersistentObject
                0x00000000000149a0                TEE_ReadObjectData
                0x0000000000014a70                __GP11_TEE_ReadObjectData
                0x0000000000014b14                TEE_WriteObjectData
                0x0000000000014b8c                __GP11_TEE_WriteObjectData
                0x0000000000014b94                TEE_TruncateObjectData
                0x0000000000014bf0                __GP11_TEE_TruncateObjectData
                0x0000000000014bf8                TEE_SeekObjectData
                0x0000000000014d18                __GP11_TEE_SeekObjectData
 .text          0x0000000000014d20        0x0 /home/sustech/Downloads/optee/optee_os/out/arm/export-ta_arm64/lib/libutee.a(utee_syscalls_a64.o)
 .text          0x0000000000014d20        0x0 /home/sustech/Downloads/optee/optee_os/out/arm/export-ta_arm64/lib/libutee.a(abort.o)
 *(SORT_BY_ALIGNMENT(.stub))
 *(SORT_BY_ALIGNMENT(.glue_7))
 *(SORT_BY_ALIGNMENT(.glue_7t))
 *(SORT_BY_ALIGNMENT(.gnu.linkonce.t.*))
 *(SORT_BY_ALIGNMENT(.vfp11_veneer))
                0x0000000000014d20                __text_end = .

.note.gnu.property
 *(SORT_BY_ALIGNMENT(.note.gnu.property))

.plt            0x0000000000014d20        0x0
 *(SORT_BY_ALIGNMENT(.plt))
 .plt           0x0000000000014d20        0x0 ./cfi_ta.o

.eh_frame_hdr
 *(SORT_BY_ALIGNMENT(.eh_frame_hdr))
 *(SORT_BY_ALIGNMENT(.eh_frame_entry) SORT_BY_ALIGNMENT(.eh_frame_entry.*))

.eh_frame       0x0000000000014d20     0x4298
 *(SORT_BY_ALIGNMENT(.eh_frame))
 .eh_frame      0x0000000000014d20       0xe0 ./cfi_ta.o
 .eh_frame      0x0000000000014e00       0x68 ./user_ta_header.o
                                         0x78 (size before relaxing)
 .eh_frame      0x0000000000014e68       0x18 /home/sustech/Downloads/optee/optee_os/out/arm/export-ta_arm64/lib/libutils.a(stack_check.o)
                                         0x30 (size before relaxing)
 .eh_frame      0x0000000000014e80       0x18 /home/sustech/Downloads/optee/optee_os/out/arm/export-ta_arm64/lib/libutils.a(memcmp.o)
                                         0x28 (size before relaxing)
 .eh_frame      0x0000000000014e98       0x18 /home/sustech/Downloads/optee/optee_os/out/arm/export-ta_arm64/lib/libutils.a(memcpy.o)
                                         0x28 (size before relaxing)
 .eh_frame      0x0000000000014eb0       0x18 /home/sustech/Downloads/optee/optee_os/out/arm/export-ta_arm64/lib/libutils.a(memset.o)
                                         0x28 (size before relaxing)
 .eh_frame      0x0000000000014ec8       0xb8 /home/sustech/Downloads/optee/optee_os/out/arm/export-ta_arm64/lib/libutils.a(trace.o)
                                         0xc8 (size before relaxing)
 .eh_frame      0x0000000000014f80       0xf0 /home/sustech/Downloads/optee/optee_os/out/arm/export-ta_arm64/lib/libutils.a(snprintk.o)
                                        0x108 (size before relaxing)
 .eh_frame      0x0000000000015070       0x18 /home/sustech/Downloads/optee/optee_os/out/arm/export-ta_arm64/lib/libutils.a(memchr.o)
                                         0x28 (size before relaxing)
 .eh_frame      0x0000000000015088       0x18 /home/sustech/Downloads/optee/optee_os/out/arm/export-ta_arm64/lib/libutils.a(strlen.o)
                                         0x28 (size before relaxing)
 .eh_frame      0x00000000000150a0       0xa8 /home/sustech/Downloads/optee/optee_os/out/arm/export-ta_arm64/lib/libutee.a(trace_ext.o)
                                         0xc0 (size before relaxing)
 .eh_frame      0x0000000000015148      0x150 /home/sustech/Downloads/optee/optee_os/out/arm/export-ta_arm64/lib/libutee.a(user_ta_entry.o)
                                        0x168 (size before relaxing)
 .eh_frame      0x0000000000015298       0x98 /home/sustech/Downloads/optee/optee_os/out/arm/export-ta_arm64/lib/libutee.a(user_ta_entry_compat.o)
                                         0xa8 (size before relaxing)
 .eh_frame      0x0000000000015330       0x18 /home/sustech/Downloads/optee/optee_os/out/arm/export-ta_arm64/lib/libutee.a(abort.o)
                                         0x30 (size before relaxing)
 .eh_frame      0x0000000000015348      0x570 /home/sustech/Downloads/optee/optee_os/out/arm/export-ta_arm64/lib/libutee.a(tee_api.o)
                                        0x588 (size before relaxing)
 .eh_frame      0x00000000000158b8      0x7e8 /home/sustech/Downloads/optee/optee_os/out/arm/export-ta_arm64/lib/libutee.a(tee_api_arith_mpi.o)
                                        0x800 (size before relaxing)
 .eh_frame      0x00000000000160a0      0x180 /home/sustech/Downloads/optee/optee_os/out/arm/export-ta_arm64/lib/libutee.a(tee_api_panic.o)
                                        0x190 (size before relaxing)
 .eh_frame      0x0000000000016220      0x310 /home/sustech/Downloads/optee/optee_os/out/arm/export-ta_arm64/lib/libutee.a(tee_api_property.o)
                                        0x328 (size before relaxing)
 .eh_frame      0x0000000000016530       0xd8 /home/sustech/Downloads/optee/optee_os/out/arm/export-ta_arm64/lib/libutee.a(tee_system_pta.o)
                                         0xf0 (size before relaxing)
 .eh_frame      0x0000000000016608       0x90 /home/sustech/Downloads/optee/optee_os/out/arm/export-ta_arm64/lib/libutee.a(tcb.o)
                                         0xa0 (size before relaxing)
 .eh_frame      0x0000000000016698       0x38 /home/sustech/Downloads/optee/optee_os/out/arm/export-ta_arm64/lib/libutee.a(assert.o)
                                         0x50 (size before relaxing)
 .eh_frame      0x00000000000166d0      0xa28 /home/sustech/Downloads/optee/optee_os/out/arm/export-ta_arm64/lib/libmbedtls.a(bignum.o)
                                        0xa40 (size before relaxing)
 .eh_frame      0x00000000000170f8      0x4a0 /home/sustech/Downloads/optee/optee_os/out/arm/export-ta_arm64/lib/libmbedtls.a(bignum_core.o)
                                        0x4b0 (size before relaxing)
 .eh_frame      0x0000000000017598      0x148 /home/sustech/Downloads/optee/optee_os/out/arm/export-ta_arm64/lib/libmbedtls.a(constant_time.o)
                                        0x160 (size before relaxing)
 .eh_frame      0x00000000000176e0       0x48 /home/sustech/Downloads/optee/optee_os/out/arm/export-ta_arm64/lib/libmbedtls.a(platform_util.o)
                                         0x60 (size before relaxing)
 .eh_frame      0x0000000000017728      0x478 /home/sustech/Downloads/optee/optee_os/out/arm/export-ta_arm64/lib/libutils.a(bget_malloc.o)
                                        0x488 (size before relaxing)
 .eh_frame      0x0000000000017ba0       0x58 /home/sustech/Downloads/optee/optee_os/out/arm/export-ta_arm64/lib/libutils.a(snprintf.o)
                                         0x70 (size before relaxing)
 .eh_frame      0x0000000000017bf8       0x18 /home/sustech/Downloads/optee/optee_os/out/arm/export-ta_arm64/lib/libutils.a(memmove.o)
                                         0x28 (size before relaxing)
 .eh_frame      0x0000000000017c10       0x18 /home/sustech/Downloads/optee/optee_os/out/arm/export-ta_arm64/lib/libutils.a(strcmp.o)
                                         0x28 (size before relaxing)
 .eh_frame      0x0000000000017c28       0x18 /home/sustech/Downloads/optee/optee_os/out/arm/export-ta_arm64/lib/libutils.a(strlcpy.o)
                                         0x28 (size before relaxing)
 .eh_frame      0x0000000000017c40       0x88 /home/sustech/Downloads/optee/optee_os/out/arm/export-ta_arm64/lib/libutils.a(mempool.o)
                                         0xa0 (size before relaxing)
 .eh_frame      0x0000000000017cc8       0x20 /home/sustech/Downloads/optee/optee_os/out/arm/export-ta_arm64/lib/libutils.a(consttime_memcmp.o)
                                         0x30 (size before relaxing)
 .eh_frame      0x0000000000017ce8       0x58 /home/sustech/Downloads/optee/optee_os/out/arm/export-ta_arm64/lib/libutils.a(base64.o)
                                         0x70 (size before relaxing)
 .eh_frame      0x0000000000017d40      0xb08 /home/sustech/Downloads/optee/optee_os/out/arm/export-ta_arm64/lib/libutee.a(tee_api_operations.o)
                                        0xb18 (size before relaxing)
 .eh_frame      0x0000000000018848      0x770 /home/sustech/Downloads/optee/optee_os/out/arm/export-ta_arm64/lib/libutee.a(tee_api_objects.o)
                                        0x788 (size before relaxing)
 *(SORT_BY_ALIGNMENT(.eh_frame.*))

.gcc_except_table
 *(SORT_BY_ALIGNMENT(.gcc_except_table) SORT_BY_ALIGNMENT(.gcc_except_table.*))

.rodata         0x0000000000018fb8     0x19b1
 *(SORT_BY_ALIGNMENT(.gnu.linkonce.r.*))
 *(SORT_BY_ALIGNMENT(.rodata) SORT_BY_ALIGNMENT(.rodata.*))
 .rodata.cfi_ta.c
                0x0000000000018fb8      0x16a ./cfi_ta.o
 *fill*         0x0000000000019122        0x6 
 .rodata./home/sustech/Downloads/optee/optee_os/out/arm/export-ta_arm64/src/user_ta_header.c
                0x0000000000019128       0x33 ./user_ta_header.o
                0x0000000000019128                ta_num_props
                0x0000000000019148                __ta_no_share_heap_size
                0x0000000000019150                ta_heap_size
                0x0000000000019158                trace_ext_prefix
 *fill*         0x000000000001915b        0x5 
 .rodata.lib/libutee/tee_api.c
                0x0000000000019160       0x18 /home/sustech/Downloads/optee/optee_os/out/arm/export-ta_arm64/lib/libutee.a(tee_api.o)
 .rodata.lib/libutils/ext/snprintk.c
                0x0000000000019178       0xac /home/sustech/Downloads/optee/optee_os/out/arm/export-ta_arm64/lib/libutils.a(snprintk.o)
 .rodata.lib/libutee/tee_api_property.c
                0x0000000000019224       0x10 /home/sustech/Downloads/optee/optee_os/out/arm/export-ta_arm64/lib/libutee.a(tee_api_property.o)
 .rodata.lib/libutee/tee_system_pta.c
                0x0000000000019234       0x31 /home/sustech/Downloads/optee/optee_os/out/arm/export-ta_arm64/lib/libutee.a(tee_system_pta.o)
 *fill*         0x0000000000019265        0x3 
 .rodata.lib/libmbedtls/mbedtls/library/bignum.c
                0x0000000000019268       0xcc /home/sustech/Downloads/optee/optee_os/out/arm/export-ta_arm64/lib/libmbedtls.a(bignum.o)
 .rodata.lib/libutee/tee_api_operations.c
                0x0000000000019334       0x75 /home/sustech/Downloads/optee/optee_os/out/arm/export-ta_arm64/lib/libutee.a(tee_api_operations.o)
 .rodata.str1.1.cfi_ta.c
                0x00000000000193a9      0x569 ./cfi_ta.o
                                        0x570 (size before relaxing)
 .rodata.str1.1./home/sustech/Downloads/optee/optee_os/out/arm/export-ta_arm64/src/user_ta_header.c
                0x0000000000019912      0x174 ./user_ta_header.o
 .rodata.str1.1.lib/libutils/isoc/stack_check.c
                0x0000000000019a86       0x18 /home/sustech/Downloads/optee/optee_os/out/arm/export-ta_arm64/lib/libutils.a(stack_check.o)
 .rodata.str1.1.lib/libutils/ext/trace.c
                0x0000000000019a9e       0x1a /home/sustech/Downloads/optee/optee_os/out/arm/export-ta_arm64/lib/libutils.a(trace.o)
                                         0x1b (size before relaxing)
 .rodata.lib/libutils/ext/trace.c
                0x0000000000019ab8        0x5 /home/sustech/Downloads/optee/optee_os/out/arm/export-ta_arm64/lib/libutils.a(trace.o)
 .rodata.str1.1.lib/libutils/ext/snprintk.c
                0x0000000000019abd       0x38 /home/sustech/Downloads/optee/optee_os/out/arm/export-ta_arm64/lib/libutils.a(snprintk.o)
 .rodata.str1.1.lib/libutee/trace_ext.c
                0x0000000000019af5       0x38 /home/sustech/Downloads/optee/optee_os/out/arm/export-ta_arm64/lib/libutee.a(trace_ext.o)
                                          0x2 (size before relaxing)
 .rodata.str1.1.lib/libutee/user_ta_entry.c
                0x0000000000019af5       0x4f /home/sustech/Downloads/optee/optee_os/out/arm/export-ta_arm64/lib/libutee.a(user_ta_entry.o)
 .rodata.lib/libutee/user_ta_entry.c
                0x0000000000019b44       0x16 /home/sustech/Downloads/optee/optee_os/out/arm/export-ta_arm64/lib/libutee.a(user_ta_entry.o)
 .rodata.str1.1.lib/libutee/abort.c
                0x0000000000019b5a        0x7 /home/sustech/Downloads/optee/optee_os/out/arm/export-ta_arm64/lib/libutee.a(abort.o)
 .rodata.str1.1.lib/libutee/tee_api.c
                0x0000000000019b61       0x11 /home/sustech/Downloads/optee/optee_os/out/arm/export-ta_arm64/lib/libutee.a(tee_api.o)
 .rodata.str1.1.lib/libutee/tee_api_arith_mpi.c
                0x0000000000019b72       0xc9 /home/sustech/Downloads/optee/optee_os/out/arm/export-ta_arm64/lib/libutee.a(tee_api_arith_mpi.o)
 .rodata.lib/libutee/tee_api_arith_mpi.c
                0x0000000000019c3b      0x14e /home/sustech/Downloads/optee/optee_os/out/arm/export-ta_arm64/lib/libutee.a(tee_api_arith_mpi.o)
 .rodata.str1.1.lib/libutee/tee_api_property.c
                0x0000000000019d89       0x80 /home/sustech/Downloads/optee/optee_os/out/arm/export-ta_arm64/lib/libutee.a(tee_api_property.o)
                                         0x88 (size before relaxing)
 .rodata.str1.1.lib/libutee/tee_system_pta.c
                0x0000000000019e09       0x55 /home/sustech/Downloads/optee/optee_os/out/arm/export-ta_arm64/lib/libutee.a(tee_system_pta.o)
 .rodata.str1.1.lib/libutee/tcb.c
                0x0000000000019e5e       0x8d /home/sustech/Downloads/optee/optee_os/out/arm/export-ta_arm64/lib/libutee.a(tcb.o)
 .rodata.lib/libutee/tcb.c
                0x0000000000019eeb       0x20 /home/sustech/Downloads/optee/optee_os/out/arm/export-ta_arm64/lib/libutee.a(tcb.o)
 .rodata.str1.1.lib/libutee/assert.c
                0x0000000000019f0b       0x27 /home/sustech/Downloads/optee/optee_os/out/arm/export-ta_arm64/lib/libutee.a(assert.o)
 .rodata.str1.1.lib/libmbedtls/mbedtls/library/bignum.c
                0x0000000000019f32      0x456 /home/sustech/Downloads/optee/optee_os/out/arm/export-ta_arm64/lib/libmbedtls.a(bignum.o)
                                        0x45d (size before relaxing)
 .rodata.str1.1.lib/libutils/isoc/bget_malloc.c
                0x000000000001a388      0x3e6 /home/sustech/Downloads/optee/optee_os/out/arm/export-ta_arm64/lib/libutils.a(bget_malloc.o)
                                        0x3ef (size before relaxing)
 .rodata.lib/libutils/isoc/bget_malloc.c
                0x000000000001a76e       0x7b /home/sustech/Downloads/optee/optee_os/out/arm/export-ta_arm64/lib/libutils.a(bget_malloc.o)
 .rodata.str1.1.lib/libutils/ext/mempool.c
                0x000000000001a7e9       0x89 /home/sustech/Downloads/optee/optee_os/out/arm/export-ta_arm64/lib/libutils.a(mempool.o)
 .rodata.lib/libutils/ext/mempool.c
                0x000000000001a872       0x2c /home/sustech/Downloads/optee/optee_os/out/arm/export-ta_arm64/lib/libutils.a(mempool.o)
 .rodata.lib/libutils/ext/base64.c
                0x000000000001a89e       0x41 /home/sustech/Downloads/optee/optee_os/out/arm/export-ta_arm64/lib/libutils.a(base64.o)
 .rodata.str1.1.lib/libutee/tee_api_operations.c
                0x000000000001a8df       0x8a /home/sustech/Downloads/optee/optee_os/out/arm/export-ta_arm64/lib/libutee.a(tee_api_operations.o)

.gnu.version_d  0x000000000001a970        0x0
 .gnu.version_d
                0x000000000001a970        0x0 ./cfi_ta.o

.gnu.version    0x000000000001a96a        0x0
 .gnu.version   0x000000000001a96a        0x0 ./cfi_ta.o

.gnu.version_r  0x000000000001a970        0x0
 .gnu.version_r
                0x000000000001a970        0x0 ./cfi_ta.o

.gnu.hash       0x000000000001a970       0x34
 .gnu.hash      0x000000000001a970       0x34 ./cfi_ta.o

.ta_head        0x000000000001a9a8       0x20
 .ta_head       0x000000000001a9a8       0x20 ./user_ta_header.o
                0x000000000001a9a8                ta_head

.ARM.extab
 *(SORT_BY_ALIGNMENT(.ARM.extab*) SORT_BY_ALIGNMENT(.gnu.linkonce.armextab.*))
                [!provide]                        PROVIDE (__exidx_start = .)

.ARM.exidx
 *(SORT_BY_ALIGNMENT(.ARM.exidx*) SORT_BY_ALIGNMENT(.gnu.linkonce.armexidx.*))
                [!provide]                        PROVIDE (__exidx_end = .)

.ctors
 *(SORT_BY_ALIGNMENT(.ctors))

.dtors
 *(SORT_BY_ALIGNMENT(.dtors))

.dynsym         0x000000000001a9c8       0xa8
 *(SORT_BY_ALIGNMENT(.dynsym))
 .dynsym        0x000000000001a9c8       0xa8 ./cfi_ta.o

.dynstr         0x000000000001aa70       0x36
 *(SORT_BY_ALIGNMENT(.dynstr))
 .dynstr        0x000000000001aa70       0x36 ./cfi_ta.o

.hash           0x000000000001aaa8       0x30
 *(SORT_BY_ALIGNMENT(.hash))
 .hash          0x000000000001aaa8       0x30 ./cfi_ta.o

.rela.dyn       0x000000000001aad8      0x3a8
 .rela.data.rel.ro
                0x000000000001aad8       0x18 ./cfi_ta.o
 .rela.ifunc    0x000000000001aaf0        0x0 ./cfi_ta.o
 .rela.data.rel.ro.local
                0x000000000001aaf0      0x300 ./cfi_ta.o
 .rela.data.rel.local
                0x000000000001adf0       0x90 ./cfi_ta.o
                0x000000000001b000                . = ALIGN (0x1000)

.dynamic        0x000000000001b000      0x110
 *(SORT_BY_ALIGNMENT(.dynamic))
 .dynamic       0x000000000001b000      0x110 ./cfi_ta.o
                0x000000000001b000                _DYNAMIC

.tdata
 *(SORT_BY_ALIGNMENT(.tdata) SORT_BY_ALIGNMENT(.tdata.*) SORT_BY_ALIGNMENT(.gnu.linkonce.td.*))

.tbss
 *(SORT_BY_ALIGNMENT(.tbss) SORT_BY_ALIGNMENT(.tbss.*) SORT_BY_ALIGNMENT(.gnu.linkonce.tb.*))
 *(SORT_BY_ALIGNMENT(.tcommon))

.got            0x000000000001b110       0xe8
 *(SORT_BY_ALIGNMENT(.got.plt))
 .got.plt       0x000000000001b110       0x18 ./cfi_ta.o
 *(SORT_BY_ALIGNMENT(.got))
 .got           0x000000000001b128       0xd0 ./cfi_ta.o
                0x000000000001b128                _GLOBAL_OFFSET_TABLE_

.rel.text
 *(SORT_BY_ALIGNMENT(.rel.text))
 *(SORT_BY_ALIGNMENT(.rel.gnu.linkonce.t*))

.rela.text
 *(SORT_BY_ALIGNMENT(.rela.text))
 *(SORT_BY_ALIGNMENT(.rela.gnu.linkonce.t*))

.rel.data
 *(SORT_BY_ALIGNMENT(.rel.data))
 *(SORT_BY_ALIGNMENT(.rel.gnu.linkonce.d*))

.rela.data
 *(SORT_BY_ALIGNMENT(.rela.data))
 *(SORT_BY_ALIGNMENT(.rela.gnu.linkonce.d*))

.rel.tdata
 *(SORT_BY_ALIGNMENT(.rel.tdata) SORT_BY_ALIGNMENT(.rel.tdata.*) SORT_BY_ALIGNMENT(.rel.gnu.linkonce.td.*))

.rela.tdata
 *(SORT_BY_ALIGNMENT(.rela.tdata) SORT_BY_ALIGNMENT(.rela.tdata.*) SORT_BY_ALIGNMENT(.rela.gnu.linkonce.td.*))

.rel.tbss
 *(SORT_BY_ALIGNMENT(.rel.tbss) SORT_BY_ALIGNMENT(.rel.tbss.*) SORT_BY_ALIGNMENT(.rel.gnu.linkonce.tb.*))

.rela.tbss
 *(SORT_BY_ALIGNMENT(.rela.tbss) SORT_BY_ALIGNMENT(.rela.tbss.*) SORT_BY_ALIGNMENT(.rela.gnu.linkonce.tb.*))

.rel.rodata
 *(SORT_BY_ALIGNMENT(.rel.rodata))
 *(SORT_BY_ALIGNMENT(.rel.gnu.linkonce.r*))

.rela.rodata
 *(SORT_BY_ALIGNMENT(.rela.rodata))
 *(SORT_BY_ALIGNMENT(.rela.gnu.linkonce.r*))

.rel.dyn
 *(SORT_BY_ALIGNMENT(.rel.dyn))

.rel.got
 *(SORT_BY_ALIGNMENT(.rel.got))

.rela.got       0x000000000001b1f8      0x258
 *(SORT_BY_ALIGNMENT(.rela.got))
 .rela.got      0x000000000001b1f8      0x258 ./cfi_ta.o

.rel.ctors
 *(SORT_BY_ALIGNMENT(.rel.ctors))

.rela.ctors
 *(SORT_BY_ALIGNMENT(.rela.ctors))

.rel.dtors
 *(SORT_BY_ALIGNMENT(.rel.dtors))

.rela.dtors
 *(SORT_BY_ALIGNMENT(.rela.dtors))

.rel.init
 *(SORT_BY_ALIGNMENT(.rel.init))

.rela.init
 *(SORT_BY_ALIGNMENT(.rela.init))

.rel.fini
 *(SORT_BY_ALIGNMENT(.rel.fini))

.rela.fini
 *(SORT_BY_ALIGNMENT(.rela.fini))

.rel.bss
 *(SORT_BY_ALIGNMENT(.rel.bss))

.rela.bss       0x000000000001b450        0x0
 *(SORT_BY_ALIGNMENT(.rela.bss))
 .rela.bss      0x000000000001b450        0x0 ./cfi_ta.o

.rel.plt
 *(SORT_BY_ALIGNMENT(.rel.plt))

.rela.plt       0x000000000001b450        0x0
 *(SORT_BY_ALIGNMENT(.rela.plt))
 .rela.plt      0x000000000001b450        0x0 ./cfi_ta.o

.data           0x000000000001b450      0x28c
 *(SORT_BY_ALIGNMENT(.data) SORT_BY_ALIGNMENT(.data.*) SORT_BY_ALIGNMENT(.gnu.linkonce.d.*))
 .data.rel.ro.local
                0x000000000001b450      0x120 ./user_ta_header.o
                0x000000000001b450                ta_props
 .data          0x000000000001b570        0x8 /home/sustech/Downloads/optee/optee_os/out/arm/export-ta_arm64/lib/libutils.a(stack_check.o)
                0x000000000001b570                __stack_chk_guard
 .data.rel.local
                0x000000000001b578       0x20 /home/sustech/Downloads/optee/optee_os/out/arm/export-ta_arm64/lib/libutee.a(user_ta_entry.o)
 .data.rel.ro.local
                0x000000000001b598       0x60 /home/sustech/Downloads/optee/optee_os/out/arm/export-ta_arm64/lib/libutee.a(tee_api_property.o)
                0x000000000001b598                tee_props
 .data.rel.ro   0x000000000001b5f8        0x8 /home/sustech/Downloads/optee/optee_os/out/arm/export-ta_arm64/lib/libmbedtls.a(platform_util.o)
 .data          0x000000000001b600        0x8 /home/sustech/Downloads/optee/optee_os/out/arm/export-ta_arm64/lib/libutils.a(bget_malloc.o)
 .data.rel.local
                0x000000000001b608       0xd0 /home/sustech/Downloads/optee/optee_os/out/arm/export-ta_arm64/lib/libutils.a(bget_malloc.o)
 .data          0x000000000001b6d8        0x4 ./user_ta_header.o
                0x000000000001b6d8                trace_level
 .data          0x000000000001b6dc        0x0 ./cfi_ta.o
 .data.rel.ro   0x000000000001b6dc        0x0 ./cfi_ta.o
 .data          0x000000000001b6dc        0x0 /home/sustech/Downloads/optee/optee_os/out/arm/export-ta_arm64/lib/libutils.a(memcmp.o)
 .data          0x000000000001b6dc        0x0 /home/sustech/Downloads/optee/optee_os/out/arm/export-ta_arm64/lib/libutils.a(memcpy.o)
 .data          0x000000000001b6dc        0x0 /home/sustech/Downloads/optee/optee_os/out/arm/export-ta_arm64/lib/libutils.a(memset.o)
 .data          0x000000000001b6dc        0x0 /home/sustech/Downloads/optee/optee_os/out/arm/export-ta_arm64/lib/libutils.a(trace.o)
 .data          0x000000000001b6dc        0x0 /home/sustech/Downloads/optee/optee_os/out/arm/export-ta_arm64/lib/libutils.a(snprintk.o)
 .data          0x000000000001b6dc        0x0 /home/sustech/Downloads/optee/optee_os/out/arm/export-ta_arm64/lib/libutils.a(memchr.o)
 .data          0x000000000001b6dc        0x0 /home/sustech/Downloads/optee/optee_os/out/arm/export-ta_arm64/lib/libutils.a(strlen.o)
 .data          0x000000000001b6dc        0x0 /home/sustech/Downloads/optee/optee_os/out/arm/export-ta_arm64/lib/libutee.a(trace_ext.o)
 .data          0x000000000001b6dc        0x0 /home/sustech/Downloads/optee/optee_os/out/arm/export-ta_arm64/lib/libutee.a(user_ta_entry.o)
 .data          0x000000000001b6dc        0x0 /home/sustech/Downloads/optee/optee_os/out/arm/export-ta_arm64/lib/libutee.a(user_ta_entry_compat.o)
 .data          0x000000000001b6dc        0x0 /home/sustech/Downloads/optee/optee_os/out/arm/export-ta_arm64/lib/libutee.a(utee_syscalls_a64.o)
 .data          0x000000000001b6dc        0x0 /home/sustech/Downloads/optee/optee_os/out/arm/export-ta_arm64/lib/libutee.a(abort.o)
 .data          0x000000000001b6dc        0x0 /home/sustech/Downloads/optee/optee_os/out/arm/export-ta_arm64/lib/libutee.a(tee_api.o)
 .data          0x000000000001b6dc        0x0 /home/sustech/Downloads/optee/optee_os/out/arm/export-ta_arm64/lib/libutee.a(tee_api_arith_mpi.o)
 .data          0x000000000001b6dc        0x0 /home/sustech/Downloads/optee/optee_os/out/arm/export-ta_arm64/lib/libutee.a(tee_api_panic.o)
 .data          0x000000000001b6dc        0x0 /home/sustech/Downloads/optee/optee_os/out/arm/export-ta_arm64/lib/libutee.a(tee_api_property.o)
 .data          0x000000000001b6dc        0x0 /home/sustech/Downloads/optee/optee_os/out/arm/export-ta_arm64/lib/libutee.a(tee_system_pta.o)
 .data          0x000000000001b6dc        0x0 /home/sustech/Downloads/optee/optee_os/out/arm/export-ta_arm64/lib/libutee.a(tcb.o)
 .data          0x000000000001b6dc        0x0 /home/sustech/Downloads/optee/optee_os/out/arm/export-ta_arm64/lib/libutee.a(assert.o)
 .data          0x000000000001b6dc        0x0 /home/sustech/Downloads/optee/optee_os/out/arm/export-ta_arm64/lib/libmbedtls.a(bignum.o)
 .data          0x000000000001b6dc        0x0 /home/sustech/Downloads/optee/optee_os/out/arm/export-ta_arm64/lib/libmbedtls.a(bignum_core.o)
 .data          0x000000000001b6dc        0x0 /home/sustech/Downloads/optee/optee_os/out/arm/export-ta_arm64/lib/libmbedtls.a(constant_time.o)
 .data          0x000000000001b6dc        0x0 /home/sustech/Downloads/optee/optee_os/out/arm/export-ta_arm64/lib/libmbedtls.a(platform_util.o)
 .data          0x000000000001b6dc        0x0 /home/sustech/Downloads/optee/optee_os/out/arm/export-ta_arm64/lib/libutils.a(snprintf.o)
 .data          0x000000000001b6dc        0x0 /home/sustech/Downloads/optee/optee_os/out/arm/export-ta_arm64/lib/libutils.a(memmove.o)
 .data          0x000000000001b6dc        0x0 /home/sustech/Downloads/optee/optee_os/out/arm/export-ta_arm64/lib/libutils.a(strcmp.o)
 .data          0x000000000001b6dc        0x0 /home/sustech/Downloads/optee/optee_os/out/arm/export-ta_arm64/lib/libutils.a(strlcpy.o)
 .data          0x000000000001b6dc        0x0 /home/sustech/Downloads/optee/optee_os/out/arm/export-ta_arm64/lib/libutils.a(mempool.o)
 .data          0x000000000001b6dc        0x0 /home/sustech/Downloads/optee/optee_os/out/arm/export-ta_arm64/lib/libutils.a(consttime_memcmp.o)
 .data          0x000000000001b6dc        0x0 /home/sustech/Downloads/optee/optee_os/out/arm/export-ta_arm64/lib/libutils.a(base64.o)
 .data          0x000000000001b6dc        0x0 /home/sustech/Downloads/optee/optee_os/out/arm/export-ta_arm64/lib/libutee.a(tee_api_operations.o)
 .data          0x000000000001b6dc        0x0 /home/sustech/Downloads/optee/optee_os/out/arm/export-ta_arm64/lib/libutee.a(tee_api_objects.o)

.bss            0x000000000001b6e0    0xd7690
 *(SORT_BY_ALIGNMENT(.bss) SORT_BY_ALIGNMENT(.bss.*) SORT_BY_ALIGNMENT(.gnu.linkonce.b.*) SORT_BY_ALIGNMENT(COMMON))
 .bss           0x000000000001b6e0    0xcbdd8 ./cfi_ta.o
 .bss           0x00000000000e74b8       0x6c /home/sustech/Downloads/optee/optee_os/out/arm/export-ta_arm64/lib/libutee.a(user_ta_entry.o)
                0x00000000000e74c8                __elf_phdr_info
                0x00000000000e74d8                __ta_no_share_malloc_ctx
                0x00000000000e74e0                ta_params
                0x00000000000e7520                ta_param_types
 *fill*         0x00000000000e7524        0x4 
 .bss           0x00000000000e7528       0x10 /home/sustech/Downloads/optee/optee_os/out/arm/export-ta_arm64/lib/libutee.a(tee_api.o)
 .bss           0x00000000000e7538     0x3800 /home/sustech/Downloads/optee/optee_os/out/arm/export-ta_arm64/lib/libutee.a(tee_api_arith_mpi.o)
 .bss           0x00000000000ead38        0x8 /home/sustech/Downloads/optee/optee_os/out/arm/export-ta_arm64/lib/libutee.a(tee_system_pta.o)
 .bss           0x00000000000ead40       0x10 /home/sustech/Downloads/optee/optee_os/out/arm/export-ta_arm64/lib/libutee.a(tcb.o)
 .bss           0x00000000000ead50        0x8 /home/sustech/Downloads/optee/optee_os/out/arm/export-ta_arm64/lib/libmbedtls.a(bignum.o)
                0x00000000000ead50                mbedtls_mpi_mempool
 .bss           0x00000000000ead58        0x8 /home/sustech/Downloads/optee/optee_os/out/arm/export-ta_arm64/lib/libmbedtls.a(constant_time.o)
                0x00000000000ead58                mbedtls_ct_zero
 .bss           0x00000000000ead60        0x8 /home/sustech/Downloads/optee/optee_os/out/arm/export-ta_arm64/lib/libutils.a(bget_malloc.o)
 .bss           0x00000000000ead68     0x8001 ./user_ta_header.o
                0x00000000000ead69                ta_heap
                0x00000000000ead69                __ta_no_share_heap
 .bss           0x00000000000f2d69        0x0 /home/sustech/Downloads/optee/optee_os/out/arm/export-ta_arm64/lib/libutils.a(stack_check.o)
 .bss           0x00000000000f2d69        0x0 /home/sustech/Downloads/optee/optee_os/out/arm/export-ta_arm64/lib/libutils.a(memcmp.o)
 .bss           0x00000000000f2d69        0x0 /home/sustech/Downloads/optee/optee_os/out/arm/export-ta_arm64/lib/libutils.a(memcpy.o)
 .bss           0x00000000000f2d69        0x0 /home/sustech/Downloads/optee/optee_os/out/arm/export-ta_arm64/lib/libutils.a(memset.o)
 .bss           0x00000000000f2d69        0x0 /home/sustech/Downloads/optee/optee_os/out/arm/export-ta_arm64/lib/libutils.a(trace.o)
 .bss           0x00000000000f2d69        0x0 /home/sustech/Downloads/optee/optee_os/out/arm/export-ta_arm64/lib/libutils.a(snprintk.o)
 .bss           0x00000000000f2d69        0x0 /home/sustech/Downloads/optee/optee_os/out/arm/export-ta_arm64/lib/libutils.a(memchr.o)
 .bss           0x00000000000f2d69        0x0 /home/sustech/Downloads/optee/optee_os/out/arm/export-ta_arm64/lib/libutils.a(strlen.o)
 .bss           0x00000000000f2d69        0x0 /home/sustech/Downloads/optee/optee_os/out/arm/export-ta_arm64/lib/libutee.a(trace_ext.o)
 .bss           0x00000000000f2d69        0x0 /home/sustech/Downloads/optee/optee_os/out/arm/export-ta_arm64/lib/libutee.a(user_ta_entry_compat.o)
 .bss           0x00000000000f2d69        0x0 /home/sustech/Downloads/optee/optee_os/out/arm/export-ta_arm64/lib/libutee.a(utee_syscalls_a64.o)
 .bss           0x00000000000f2d69        0x0 /home/sustech/Downloads/optee/optee_os/out/arm/export-ta_arm64/lib/libutee.a(abort.o)
 .bss           0x00000000000f2d69        0x0 /home/sustech/Downloads/optee/optee_os/out/arm/export-ta_arm64/lib/libutee.a(tee_api_panic.o)
 .bss           0x00000000000f2d69        0x0 /home/sustech/Downloads/optee/optee_os/out/arm/export-ta_arm64/lib/libutee.a(tee_api_property.o)
 .bss           0x00000000000f2d69        0x0 /home/sustech/Downloads/optee/optee_os/out/arm/export-ta_arm64/lib/libutee.a(assert.o)
 .bss           0x00000000000f2d69        0x0 /home/sustech/Downloads/optee/optee_os/out/arm/export-ta_arm64/lib/libmbedtls.a(bignum_core.o)
 .bss           0x00000000000f2d69        0x0 /home/sustech/Downloads/optee/optee_os/out/arm/export-ta_arm64/lib/libmbedtls.a(platform_util.o)
 .bss           0x00000000000f2d69        0x0 /home/sustech/Downloads/optee/optee_os/out/arm/export-ta_arm64/lib/libutils.a(snprintf.o)
 .bss           0x00000000000f2d69        0x0 /home/sustech/Downloads/optee/optee_os/out/arm/export-ta_arm64/lib/libutils.a(memmove.o)
 .bss           0x00000000000f2d69        0x0 /home/sustech/Downloads/optee/optee_os/out/arm/export-ta_arm64/lib/libutils.a(strcmp.o)
 .bss           0x00000000000f2d69        0x0 /home/sustech/Downloads/optee/optee_os/out/arm/export-ta_arm64/lib/libutils.a(strlcpy.o)
 .bss           0x00000000000f2d69        0x0 /home/sustech/Downloads/optee/optee_os/out/arm/export-ta_arm64/lib/libutils.a(mempool.o)
 .bss           0x00000000000f2d69        0x0 /home/sustech/Downloads/optee/optee_os/out/arm/export-ta_arm64/lib/libutils.a(consttime_memcmp.o)
 .bss           0x00000000000f2d69        0x0 /home/sustech/Downloads/optee/optee_os/out/arm/export-ta_arm64/lib/libutils.a(base64.o)
 .bss           0x00000000000f2d69        0x0 /home/sustech/Downloads/optee/optee_os/out/arm/export-ta_arm64/lib/libutee.a(tee_api_operations.o)
 .bss           0x00000000000f2d69        0x0 /home/sustech/Downloads/optee/optee_os/out/arm/export-ta_arm64/lib/libutee.a(tee_api_objects.o)
                0x00000000000f2d70                . = ALIGN (0x8)
 *fill*         0x00000000000f2d69        0x7 
                0x00000000000f2d70                __ftrace_buf_start = .
                0x00000000000f2d70                . = (. + DEFINED (_mcount)?0x800:0x0)
                0x00000000000f2d70                __ftrace_buf_end = .

.dynbss         0x00000000000f2d70        0x0
 .dynbss        0x00000000000f2d70        0x0 ./cfi_ta.o

/DISCARD/
 *(SORT_BY_ALIGNMENT(.interp))
LOAD ./cfi_ta.o
LOAD ./user_ta_header.o
START GROUP
LOAD /home/sustech/Downloads/optee/optee_os/out/arm/export-ta_arm64/lib/libutils.a
LOAD /home/sustech/Downloads/optee/optee_os/out/arm/export-ta_arm64/lib/libutee.a
LOAD /home/sustech/Downloads/optee/optee_os/out/arm/export-ta_arm64/lib/libmbedtls.a
LOAD /home/sustech/Downloads/optee/optee_os/out/arm/export-ta_arm64/lib/libdl.a
END GROUP
LOAD /usr/lib/gcc-cross/aarch64-linux-gnu/11/libgcc.a
LOAD /home/sustech/Downloads/optee/optee_os/out/arm/export-ta_arm64/lib/libutils.a
OUTPUT(12345678-1234-1234-1234-56789abcdef0.elf elf64-littleaarch64)
LOAD linker stubs

.debug_info     0x0000000000000000    0x29de3
 .debug_info    0x0000000000000000     0x2599 ./cfi_ta.o
 .debug_info    0x0000000000002599      0x7e1 ./user_ta_header.o
 .debug_info    0x0000000000002d7a      0x144 /home/sustech/Downloads/optee/optee_os/out/arm/export-ta_arm64/lib/libutils.a(stack_check.o)
 .debug_info    0x0000000000002ebe       0xef /home/sustech/Downloads/optee/optee_os/out/arm/export-ta_arm64/lib/libutils.a(memcmp.o)
 .debug_info    0x0000000000002fad      0x130 /home/sustech/Downloads/optee/optee_os/out/arm/export-ta_arm64/lib/libutils.a(memcpy.o)
 .debug_info    0x00000000000030dd       0xd3 /home/sustech/Downloads/optee/optee_os/out/arm/export-ta_arm64/lib/libutils.a(memset.o)
 .debug_info    0x00000000000031b0      0x70f /home/sustech/Downloads/optee/optee_os/out/arm/export-ta_arm64/lib/libutils.a(trace.o)
 .debug_info    0x00000000000038bf      0x935 /home/sustech/Downloads/optee/optee_os/out/arm/export-ta_arm64/lib/libutils.a(snprintk.o)
 .debug_info    0x00000000000041f4       0xff /home/sustech/Downloads/optee/optee_os/out/arm/export-ta_arm64/lib/libutils.a(memchr.o)
 .debug_info    0x00000000000042f3       0xbf /home/sustech/Downloads/optee/optee_os/out/arm/export-ta_arm64/lib/libutils.a(strlen.o)
 .debug_info    0x00000000000043b2      0x3d7 /home/sustech/Downloads/optee/optee_os/out/arm/export-ta_arm64/lib/libutee.a(trace_ext.o)
 .debug_info    0x0000000000004789     0x1752 /home/sustech/Downloads/optee/optee_os/out/arm/export-ta_arm64/lib/libutee.a(user_ta_entry.o)
 .debug_info    0x0000000000005edb      0x51e /home/sustech/Downloads/optee/optee_os/out/arm/export-ta_arm64/lib/libutee.a(user_ta_entry_compat.o)
 .debug_info    0x00000000000063f9      0x3b5 /home/sustech/Downloads/optee/optee_os/out/arm/export-ta_arm64/lib/libutee.a(utee_syscalls_a64.o)
 .debug_info    0x00000000000067ae       0xf1 /home/sustech/Downloads/optee/optee_os/out/arm/export-ta_arm64/lib/libutee.a(abort.o)
 .debug_info    0x000000000000689f     0x2724 /home/sustech/Downloads/optee/optee_os/out/arm/export-ta_arm64/lib/libutee.a(tee_api.o)
 .debug_info    0x0000000000008fc3     0x523b /home/sustech/Downloads/optee/optee_os/out/arm/export-ta_arm64/lib/libutee.a(tee_api_arith_mpi.o)
 .debug_info    0x000000000000e1fe      0xa03 /home/sustech/Downloads/optee/optee_os/out/arm/export-ta_arm64/lib/libutee.a(tee_api_panic.o)
 .debug_info    0x000000000000ec01     0x1985 /home/sustech/Downloads/optee/optee_os/out/arm/export-ta_arm64/lib/libutee.a(tee_api_property.o)
 .debug_info    0x0000000000010586      0x949 /home/sustech/Downloads/optee/optee_os/out/arm/export-ta_arm64/lib/libutee.a(tee_system_pta.o)
 .debug_info    0x0000000000010ecf      0x8b9 /home/sustech/Downloads/optee/optee_os/out/arm/export-ta_arm64/lib/libutee.a(tcb.o)
 .debug_info    0x0000000000011788      0x1b5 /home/sustech/Downloads/optee/optee_os/out/arm/export-ta_arm64/lib/libutee.a(assert.o)
 .debug_info    0x000000000001193d     0x5bbc /home/sustech/Downloads/optee/optee_os/out/arm/export-ta_arm64/lib/libmbedtls.a(bignum.o)
 .debug_info    0x00000000000174f9     0x38f7 /home/sustech/Downloads/optee/optee_os/out/arm/export-ta_arm64/lib/libmbedtls.a(bignum_core.o)
 .debug_info    0x000000000001adf0      0xf5f /home/sustech/Downloads/optee/optee_os/out/arm/export-ta_arm64/lib/libmbedtls.a(constant_time.o)
 .debug_info    0x000000000001bd4f      0x259 /home/sustech/Downloads/optee/optee_os/out/arm/export-ta_arm64/lib/libmbedtls.a(platform_util.o)
 .debug_info    0x000000000001bfa8     0x420d /home/sustech/Downloads/optee/optee_os/out/arm/export-ta_arm64/lib/libutils.a(bget_malloc.o)
 .debug_info    0x00000000000201b5      0x29f /home/sustech/Downloads/optee/optee_os/out/arm/export-ta_arm64/lib/libutils.a(snprintf.o)
 .debug_info    0x0000000000020454       0xfb /home/sustech/Downloads/optee/optee_os/out/arm/export-ta_arm64/lib/libutils.a(memmove.o)
 .debug_info    0x000000000002054f       0xb4 /home/sustech/Downloads/optee/optee_os/out/arm/export-ta_arm64/lib/libutils.a(strcmp.o)
 .debug_info    0x0000000000020603      0x123 /home/sustech/Downloads/optee/optee_os/out/arm/export-ta_arm64/lib/libutils.a(strlcpy.o)
 .debug_info    0x0000000000020726      0x71b /home/sustech/Downloads/optee/optee_os/out/arm/export-ta_arm64/lib/libutils.a(mempool.o)
 .debug_info    0x0000000000020e41      0x132 /home/sustech/Downloads/optee/optee_os/out/arm/export-ta_arm64/lib/libutils.a(consttime_memcmp.o)
 .debug_info    0x0000000000020f73      0x339 /home/sustech/Downloads/optee/optee_os/out/arm/export-ta_arm64/lib/libutils.a(base64.o)
 .debug_info    0x00000000000212ac     0x5c3d /home/sustech/Downloads/optee/optee_os/out/arm/export-ta_arm64/lib/libutee.a(tee_api_operations.o)
 .debug_info    0x0000000000026ee9     0x2efa /home/sustech/Downloads/optee/optee_os/out/arm/export-ta_arm64/lib/libutee.a(tee_api_objects.o)

.debug_abbrev   0x0000000000000000     0x573a
 .debug_abbrev  0x0000000000000000      0x49e ./cfi_ta.o
 .debug_abbrev  0x000000000000049e      0x282 ./user_ta_header.o
 .debug_abbrev  0x0000000000000720       0xb2 /home/sustech/Downloads/optee/optee_os/out/arm/export-ta_arm64/lib/libutils.a(stack_check.o)
 .debug_abbrev  0x00000000000007d2       0x95 /home/sustech/Downloads/optee/optee_os/out/arm/export-ta_arm64/lib/libutils.a(memcmp.o)
 .debug_abbrev  0x0000000000000867       0xbb /home/sustech/Downloads/optee/optee_os/out/arm/export-ta_arm64/lib/libutils.a(memcpy.o)
 .debug_abbrev  0x0000000000000922       0xa3 /home/sustech/Downloads/optee/optee_os/out/arm/export-ta_arm64/lib/libutils.a(memset.o)
 .debug_abbrev  0x00000000000009c5      0x2bf /home/sustech/Downloads/optee/optee_os/out/arm/export-ta_arm64/lib/libutils.a(trace.o)
 .debug_abbrev  0x0000000000000c84      0x2f9 /home/sustech/Downloads/optee/optee_os/out/arm/export-ta_arm64/lib/libutils.a(snprintk.o)
 .debug_abbrev  0x0000000000000f7d       0xb4 /home/sustech/Downloads/optee/optee_os/out/arm/export-ta_arm64/lib/libutils.a(memchr.o)
 .debug_abbrev  0x0000000000001031       0x85 /home/sustech/Downloads/optee/optee_os/out/arm/export-ta_arm64/lib/libutils.a(strlen.o)
 .debug_abbrev  0x00000000000010b6      0x1c4 /home/sustech/Downloads/optee/optee_os/out/arm/export-ta_arm64/lib/libutee.a(trace_ext.o)
 .debug_abbrev  0x000000000000127a      0x595 /home/sustech/Downloads/optee/optee_os/out/arm/export-ta_arm64/lib/libutee.a(user_ta_entry.o)
 .debug_abbrev  0x000000000000180f      0x1b5 /home/sustech/Downloads/optee/optee_os/out/arm/export-ta_arm64/lib/libutee.a(user_ta_entry_compat.o)
 .debug_abbrev  0x00000000000019c4       0x26 /home/sustech/Downloads/optee/optee_os/out/arm/export-ta_arm64/lib/libutee.a(utee_syscalls_a64.o)
 .debug_abbrev  0x00000000000019ea       0x94 /home/sustech/Downloads/optee/optee_os/out/arm/export-ta_arm64/lib/libutee.a(abort.o)
 .debug_abbrev  0x0000000000001a7e      0x55f /home/sustech/Downloads/optee/optee_os/out/arm/export-ta_arm64/lib/libutee.a(tee_api.o)
 .debug_abbrev  0x0000000000001fdd      0x53f /home/sustech/Downloads/optee/optee_os/out/arm/export-ta_arm64/lib/libutee.a(tee_api_arith_mpi.o)
 .debug_abbrev  0x000000000000251c      0x21f /home/sustech/Downloads/optee/optee_os/out/arm/export-ta_arm64/lib/libutee.a(tee_api_panic.o)
 .debug_abbrev  0x000000000000273b      0x3a2 /home/sustech/Downloads/optee/optee_os/out/arm/export-ta_arm64/lib/libutee.a(tee_api_property.o)
 .debug_abbrev  0x0000000000002add      0x2b6 /home/sustech/Downloads/optee/optee_os/out/arm/export-ta_arm64/lib/libutee.a(tee_system_pta.o)
 .debug_abbrev  0x0000000000002d93      0x2c8 /home/sustech/Downloads/optee/optee_os/out/arm/export-ta_arm64/lib/libutee.a(tcb.o)
 .debug_abbrev  0x000000000000305b       0xbd /home/sustech/Downloads/optee/optee_os/out/arm/export-ta_arm64/lib/libutee.a(assert.o)
 .debug_abbrev  0x0000000000003118      0x576 /home/sustech/Downloads/optee/optee_os/out/arm/export-ta_arm64/lib/libmbedtls.a(bignum.o)
 .debug_abbrev  0x000000000000368e      0x548 /home/sustech/Downloads/optee/optee_os/out/arm/export-ta_arm64/lib/libmbedtls.a(bignum_core.o)
 .debug_abbrev  0x0000000000003bd6      0x397 /home/sustech/Downloads/optee/optee_os/out/arm/export-ta_arm64/lib/libmbedtls.a(constant_time.o)
 .debug_abbrev  0x0000000000003f6d      0x153 /home/sustech/Downloads/optee/optee_os/out/arm/export-ta_arm64/lib/libmbedtls.a(platform_util.o)
 .debug_abbrev  0x00000000000040c0      0x583 /home/sustech/Downloads/optee/optee_os/out/arm/export-ta_arm64/lib/libutils.a(bget_malloc.o)
 .debug_abbrev  0x0000000000004643      0x155 /home/sustech/Downloads/optee/optee_os/out/arm/export-ta_arm64/lib/libutils.a(snprintf.o)
 .debug_abbrev  0x0000000000004798       0xa6 /home/sustech/Downloads/optee/optee_os/out/arm/export-ta_arm64/lib/libutils.a(memmove.o)
 .debug_abbrev  0x000000000000483e       0x6f /home/sustech/Downloads/optee/optee_os/out/arm/export-ta_arm64/lib/libutils.a(strcmp.o)
 .debug_abbrev  0x00000000000048ad       0xa5 /home/sustech/Downloads/optee/optee_os/out/arm/export-ta_arm64/lib/libutils.a(strlcpy.o)
 .debug_abbrev  0x0000000000004952      0x2a2 /home/sustech/Downloads/optee/optee_os/out/arm/export-ta_arm64/lib/libutils.a(mempool.o)
 .debug_abbrev  0x0000000000004bf4       0xc2 /home/sustech/Downloads/optee/optee_os/out/arm/export-ta_arm64/lib/libutils.a(consttime_memcmp.o)
 .debug_abbrev  0x0000000000004cb6      0x1a4 /home/sustech/Downloads/optee/optee_os/out/arm/export-ta_arm64/lib/libutils.a(base64.o)
 .debug_abbrev  0x0000000000004e5a      0x530 /home/sustech/Downloads/optee/optee_os/out/arm/export-ta_arm64/lib/libutee.a(tee_api_operations.o)
 .debug_abbrev  0x000000000000538a      0x3b0 /home/sustech/Downloads/optee/optee_os/out/arm/export-ta_arm64/lib/libutee.a(tee_api_objects.o)

.debug_loclists
                0x0000000000000000    0x181a2
 .debug_loclists
                0x0000000000000000     0x1489 ./cfi_ta.o
 .debug_loclists
                0x0000000000001489      0x100 ./user_ta_header.o
 .debug_loclists
                0x0000000000001589       0xd3 /home/sustech/Downloads/optee/optee_os/out/arm/export-ta_arm64/lib/libutils.a(memcmp.o)
 .debug_loclists
                0x000000000000165c      0x297 /home/sustech/Downloads/optee/optee_os/out/arm/export-ta_arm64/lib/libutils.a(memcpy.o)
 .debug_loclists
                0x00000000000018f3       0x67 /home/sustech/Downloads/optee/optee_os/out/arm/export-ta_arm64/lib/libutils.a(memset.o)
 .debug_loclists
                0x000000000000195a      0x29e /home/sustech/Downloads/optee/optee_os/out/arm/export-ta_arm64/lib/libutils.a(trace.o)
 .debug_loclists
                0x0000000000001bf8     0x18a9 /home/sustech/Downloads/optee/optee_os/out/arm/export-ta_arm64/lib/libutils.a(snprintk.o)
 .debug_loclists
                0x00000000000034a1       0x6e /home/sustech/Downloads/optee/optee_os/out/arm/export-ta_arm64/lib/libutils.a(memchr.o)
 .debug_loclists
                0x000000000000350f       0x3d /home/sustech/Downloads/optee/optee_os/out/arm/export-ta_arm64/lib/libutils.a(strlen.o)
 .debug_loclists
                0x000000000000354c       0xae /home/sustech/Downloads/optee/optee_os/out/arm/export-ta_arm64/lib/libutee.a(trace_ext.o)
 .debug_loclists
                0x00000000000035fa      0x651 /home/sustech/Downloads/optee/optee_os/out/arm/export-ta_arm64/lib/libutee.a(user_ta_entry.o)
 .debug_loclists
                0x0000000000003c4b      0x1cb /home/sustech/Downloads/optee/optee_os/out/arm/export-ta_arm64/lib/libutee.a(user_ta_entry_compat.o)
 .debug_loclists
                0x0000000000003e16     0x120a /home/sustech/Downloads/optee/optee_os/out/arm/export-ta_arm64/lib/libutee.a(tee_api.o)
 .debug_loclists
                0x0000000000005020     0x1fed /home/sustech/Downloads/optee/optee_os/out/arm/export-ta_arm64/lib/libutee.a(tee_api_arith_mpi.o)
 .debug_loclists
                0x000000000000700d      0x480 /home/sustech/Downloads/optee/optee_os/out/arm/export-ta_arm64/lib/libutee.a(tee_api_panic.o)
 .debug_loclists
                0x000000000000748d      0xe50 /home/sustech/Downloads/optee/optee_os/out/arm/export-ta_arm64/lib/libutee.a(tee_api_property.o)
 .debug_loclists
                0x00000000000082dd      0x32f /home/sustech/Downloads/optee/optee_os/out/arm/export-ta_arm64/lib/libutee.a(tee_system_pta.o)
 .debug_loclists
                0x000000000000860c      0x2ae /home/sustech/Downloads/optee/optee_os/out/arm/export-ta_arm64/lib/libutee.a(tcb.o)
 .debug_loclists
                0x00000000000088ba       0x71 /home/sustech/Downloads/optee/optee_os/out/arm/export-ta_arm64/lib/libutee.a(assert.o)
 .debug_loclists
                0x000000000000892b     0x3c2e /home/sustech/Downloads/optee/optee_os/out/arm/export-ta_arm64/lib/libmbedtls.a(bignum.o)
 .debug_loclists
                0x000000000000c559     0x2950 /home/sustech/Downloads/optee/optee_os/out/arm/export-ta_arm64/lib/libmbedtls.a(bignum_core.o)
 .debug_loclists
                0x000000000000eea9      0x7f6 /home/sustech/Downloads/optee/optee_os/out/arm/export-ta_arm64/lib/libmbedtls.a(constant_time.o)
 .debug_loclists
                0x000000000000f69f       0x9f /home/sustech/Downloads/optee/optee_os/out/arm/export-ta_arm64/lib/libmbedtls.a(platform_util.o)
 .debug_loclists
                0x000000000000f73e     0x2996 /home/sustech/Downloads/optee/optee_os/out/arm/export-ta_arm64/lib/libutils.a(bget_malloc.o)
 .debug_loclists
                0x00000000000120d4       0xd0 /home/sustech/Downloads/optee/optee_os/out/arm/export-ta_arm64/lib/libutils.a(snprintf.o)
 .debug_loclists
                0x00000000000121a4      0x171 /home/sustech/Downloads/optee/optee_os/out/arm/export-ta_arm64/lib/libutils.a(memmove.o)
 .debug_loclists
                0x0000000000012315       0x50 /home/sustech/Downloads/optee/optee_os/out/arm/export-ta_arm64/lib/libutils.a(strcmp.o)
 .debug_loclists
                0x0000000000012365       0x96 /home/sustech/Downloads/optee/optee_os/out/arm/export-ta_arm64/lib/libutils.a(strlcpy.o)
 .debug_loclists
                0x00000000000123fb      0x285 /home/sustech/Downloads/optee/optee_os/out/arm/export-ta_arm64/lib/libutils.a(mempool.o)
 .debug_loclists
                0x0000000000012680       0xcb /home/sustech/Downloads/optee/optee_os/out/arm/export-ta_arm64/lib/libutils.a(consttime_memcmp.o)
 .debug_loclists
                0x000000000001274b      0x328 /home/sustech/Downloads/optee/optee_os/out/arm/export-ta_arm64/lib/libutils.a(base64.o)
 .debug_loclists
                0x0000000000012a73     0x3f0b /home/sustech/Downloads/optee/optee_os/out/arm/export-ta_arm64/lib/libutee.a(tee_api_operations.o)
 .debug_loclists
                0x000000000001697e     0x1824 /home/sustech/Downloads/optee/optee_os/out/arm/export-ta_arm64/lib/libutee.a(tee_api_objects.o)

.debug_aranges  0x0000000000000000      0xa40
 .debug_aranges
                0x0000000000000000       0x30 ./cfi_ta.o
 .debug_aranges
                0x0000000000000030       0x30 ./user_ta_header.o
 .debug_aranges
                0x0000000000000060       0x30 /home/sustech/Downloads/optee/optee_os/out/arm/export-ta_arm64/lib/libutils.a(stack_check.o)
 .debug_aranges
                0x0000000000000090       0x30 /home/sustech/Downloads/optee/optee_os/out/arm/export-ta_arm64/lib/libutils.a(memcmp.o)
 .debug_aranges
                0x00000000000000c0       0x30 /home/sustech/Downloads/optee/optee_os/out/arm/export-ta_arm64/lib/libutils.a(memcpy.o)
 .debug_aranges
                0x00000000000000f0       0x30 /home/sustech/Downloads/optee/optee_os/out/arm/export-ta_arm64/lib/libutils.a(memset.o)
 .debug_aranges
                0x0000000000000120       0x30 /home/sustech/Downloads/optee/optee_os/out/arm/export-ta_arm64/lib/libutils.a(trace.o)
 .debug_aranges
                0x0000000000000150       0x30 /home/sustech/Downloads/optee/optee_os/out/arm/export-ta_arm64/lib/libutils.a(snprintk.o)
 .debug_aranges
                0x0000000000000180       0x30 /home/sustech/Downloads/optee/optee_os/out/arm/export-ta_arm64/lib/libutils.a(memchr.o)
 .debug_aranges
                0x00000000000001b0       0x30 /home/sustech/Downloads/optee/optee_os/out/arm/export-ta_arm64/lib/libutils.a(strlen.o)
 .debug_aranges
                0x00000000000001e0       0x30 /home/sustech/Downloads/optee/optee_os/out/arm/export-ta_arm64/lib/libutee.a(trace_ext.o)
 .debug_aranges
                0x0000000000000210       0x30 /home/sustech/Downloads/optee/optee_os/out/arm/export-ta_arm64/lib/libutee.a(user_ta_entry.o)